Component: ARM Compiler 5.06 (build 20) Tool: armlink [4d35a3]

==============================================================================

Section Cross References

    main.o(i.main) refers to main.o(i.SystemCoreClockConfigure) for SystemCoreClockConfigure
    main.o(i.main) refers to system_stm32f0xx.o(i.SystemCoreClockUpdate) for SystemCoreClockUpdate
    main.o(i.main) refers to led.o(i.led_initialize) for led_initialize
    main.o(i.main) refers to sc.o(i.sc_initialize) for sc_initialize
    main.o(i.main) refers to usart.o(i.usart_initialize) for usart_initialize
    main.o(i.main) refers to rfm.o(i.rfm_initialize) for rfm_initialize
    main.o(i.main) refers to animation.o(i.animation_initialize) for animation_initialize
    main.o(i.main) refers to animation.o(i.animation_cycle) for animation_cycle
    main.o(i.main) refers to led.o(i.led_cycle) for led_cycle
    main.o(i.main) refers to usart.o(i.usart_cycle) for usart_cycle
    main.o(i.main) refers to usart.o(i.usart_checkNewCommand) for usart_checkNewCommand
    main.o(i.main) refers to sc.o(i.sc_waitForCycle) for sc_waitForCycle
    main.o(i.main) refers to usart.o(i.usart_waiting) for usart_waiting
    led.o(i.led_cycle) refers to led.o(.data) for .data
    led.o(i.led_setLEDBuffer) refers to led.o(.data) for .data
    sc.o(i.sc_waitForCycle) refers to sc.o(.data) for .data
    usart.o(i.getPointer) refers to aeabi_sdivfast.o(.text) for __aeabi_uidivmod
    usart.o(i.getPointer) refers to usart.o(.data) for .data
    usart.o(i.newData) refers to usart.o(.data) for .data
    usart.o(i.usart_checkNewCommand) refers to aeabi_sdivfast.o(.text) for __aeabi_uidivmod
    usart.o(i.usart_checkNewCommand) refers to animation.o(i.animation_triggerBG) for animation_triggerBG
    usart.o(i.usart_checkNewCommand) refers to animation.o(i.animation_triggerFG) for animation_triggerFG
    usart.o(i.usart_checkNewCommand) refers to usart.o(.data) for .data
    usart.o(i.usart_checkNewCommand) refers to usart.o(.bss) for .bss
    usart.o(i.usart_checkNewCommand) refers to main.o(.data) for device_adress
    usart.o(i.usart_cycle) refers to usart.o(.data) for .data
    usart.o(i.usart_initialize) refers to usart.o(.data) for .data
    usart.o(i.usart_initialize) refers to usart.o(.bss) for .bss
    usart.o(i.usart_waiting) refers to usart.o(.data) for .data
    rfm.o(i.rfm_initialize) refers to rfm.o(i.rfm_writeByte) for rfm_writeByte
    rfm.o(i.rfm_initialize) refers to rfm.o(.data) for .data
    animation.o(i.animation_cycle) refers to animation.o(.data) for .data
    animation.o(i.animation_cycle) refers to animation.o(.bss) for .bss
    animation.o(i.animation_initialize) refers to led.o(i.led_setLEDBuffer) for led_setLEDBuffer
    animation.o(i.animation_initialize) refers to animation.o(.bss) for .bss
    animation.o(i.animation_initialize) refers to animation.o(.data) for .data
    animation.o(i.animation_triggerBG) refers to animation.o(.data) for .data
    animation.o(i.animation_triggerFG) refers to animation.o(.data) for .data
    animation.o(i.blinkCycle) refers to animation.o(.data) for .data
    animation.o(i.blinkCycle) refers to animation.o(.bss) for .bss
    animation.o(i.blinkTrigger) refers to animation.o(.data) for .data
    animation.o(i.blinkTrigger) refers to animation.o(.bss) for .bss
    animation.o(i.constColorCycle) refers to aeabi_sdivfast.o(.text) for __aeabi_uidivmod
    animation.o(i.constColorCycle) refers to animation.o(.data) for .data
    animation.o(i.constColorCycle) refers to animation.o(.bss) for .bss
    animation.o(i.constColorTrigger) refers to animation.o(.data) for .data
    animation.o(.data) refers to animation.o(i.blinkCycle) for blinkCycle
    animation.o(.data) refers to animation.o(i.blinkTrigger) for blinkTrigger
    animation.o(.data) refers to animation.o(i.constColorCycle) for constColorCycle
    animation.o(.data) refers to animation.o(i.constColorTrigger) for constColorTrigger
    startup_stm32f031.o(STACK) refers (Special) to heapauxi.o(.text) for __use_two_region_memory
    startup_stm32f031.o(HEAP) refers (Special) to heapauxi.o(.text) for __use_two_region_memory
    startup_stm32f031.o(RESET) refers (Special) to heapauxi.o(.text) for __use_two_region_memory
    startup_stm32f031.o(RESET) refers to startup_stm32f031.o(STACK) for __initial_sp
    startup_stm32f031.o(RESET) refers to startup_stm32f031.o(.text) for Reset_Handler
    startup_stm32f031.o(.text) refers (Special) to heapauxi.o(.text) for __use_two_region_memory
    startup_stm32f031.o(.text) refers to startup_stm32f031.o(STACK) for __initial_sp
    startup_stm32f031.o(.text) refers to system_stm32f0xx.o(i.SystemInit) for SystemInit
    startup_stm32f031.o(.text) refers to __main.o(!!!main) for __main
    startup_stm32f031.o(.text) refers to startup_stm32f031.o(HEAP) for Heap_Mem
    system_stm32f0xx.o(i.SystemCoreClockUpdate) refers to aeabi_sdivfast.o(.text) for __aeabi_uidivmod
    system_stm32f0xx.o(i.SystemCoreClockUpdate) refers to system_stm32f0xx.o(.data) for .data
    __main.o(!!!main) refers to __rtentry.o(.ARM.Collect$$rtentry$$00000000) for __rt_entry
    __rtentry.o(.ARM.Collect$$rtentry$$00000000) refers (Special) to __rtentry2.o(.ARM.Collect$$rtentry$$0000000A) for __rt_entry_li
    __rtentry.o(.ARM.Collect$$rtentry$$00000000) refers (Special) to __rtentry2.o(.ARM.Collect$$rtentry$$0000000D) for __rt_entry_main
    __rtentry.o(.ARM.Collect$$rtentry$$00000000) refers (Special) to __rtentry2.o(.ARM.Collect$$rtentry$$0000000C) for __rt_entry_postli_1
    __rtentry.o(.ARM.Collect$$rtentry$$00000000) refers (Special) to __rtentry2.o(.ARM.Collect$$rtentry$$00000009) for __rt_entry_postsh_1
    __rtentry.o(.ARM.Collect$$rtentry$$00000000) refers (Special) to __rtentry2.o(.ARM.Collect$$rtentry$$00000002) for __rt_entry_presh_1
    __rtentry.o(.ARM.Collect$$rtentry$$00000000) refers (Special) to __rtentry4.o(.ARM.Collect$$rtentry$$00000004) for __rt_entry_sh
    aeabi_idiv0_sigfpe.o(.text) refers to rt_div0.o(.text) for __rt_div0
    __rtentry2.o(.ARM.Collect$$rtentry$$00000008) refers to boardinit2.o(.text) for _platform_post_stackheap_init
    __rtentry2.o(.ARM.Collect$$rtentry$$0000000A) refers to libinit.o(.ARM.Collect$$libinit$$00000000) for __rt_lib_init
    __rtentry2.o(.ARM.Collect$$rtentry$$0000000B) refers to boardinit3.o(.text) for _platform_post_lib_init
    __rtentry2.o(.ARM.Collect$$rtentry$$0000000D) refers to main.o(i.main) for main
    __rtentry2.o(.ARM.Collect$$rtentry$$0000000D) refers to exit.o(.text) for exit
    __rtentry2.o(.ARM.exidx) refers to __rtentry2.o(.ARM.Collect$$rtentry$$00000001) for .ARM.Collect$$rtentry$$00000001
    __rtentry2.o(.ARM.exidx) refers to __rtentry2.o(.ARM.Collect$$rtentry$$00000008) for .ARM.Collect$$rtentry$$00000008
    __rtentry2.o(.ARM.exidx) refers to __rtentry2.o(.ARM.Collect$$rtentry$$0000000A) for .ARM.Collect$$rtentry$$0000000A
    __rtentry2.o(.ARM.exidx) refers to __rtentry2.o(.ARM.Collect$$rtentry$$0000000B) for .ARM.Collect$$rtentry$$0000000B
    __rtentry2.o(.ARM.exidx) refers to __rtentry2.o(.ARM.Collect$$rtentry$$0000000D) for .ARM.Collect$$rtentry$$0000000D
    __rtentry4.o(.ARM.Collect$$rtentry$$00000004) refers to sys_stackheap_outer.o(.text) for __user_setup_stackheap
    __rtentry4.o(.ARM.exidx) refers to __rtentry4.o(.ARM.Collect$$rtentry$$00000004) for .ARM.Collect$$rtentry$$00000004
    rt_div0.o(.text) refers to defsig_fpe_outer.o(.text) for __rt_SIGFPE
    sys_stackheap_outer.o(.text) refers to libspace.o(.text) for __user_perproc_libspace
    sys_stackheap_outer.o(.text) refers to startup_stm32f031.o(.text) for __user_initial_stackheap
    sys_stackheap_outer.o(__vectab_stack_and_reset_area) refers to tempstk.o(.text) for __temporary_stack_top
    sys_stackheap_outer.o(__vectab_stack_and_reset_area) refers to __main.o(!!!main) for __main
    exit.o(.text) refers to rtexit.o(.ARM.Collect$$rtexit$$00000000) for __rt_exit
    defsig_fpe_outer.o(.text) refers to defsig_fpe_inner.o(.text) for __rt_SIGFPE_inner
    defsig_fpe_outer.o(.text) refers to defsig_exit.o(.text) for __sig_exit
    defsig_fpe_formal.o(.text) refers to rt_raise.o(.text) for __rt_raise
    libinit.o(.ARM.Collect$$libinit$$00000000) refers (Special) to libinit2.o(.ARM.Collect$$libinit$$0000002E) for __rt_lib_init_alloca_1
    libinit.o(.ARM.Collect$$libinit$$00000000) refers (Special) to libinit2.o(.ARM.Collect$$libinit$$0000002C) for __rt_lib_init_argv_1
    libinit.o(.ARM.Collect$$libinit$$00000000) refers (Special) to libinit2.o(.ARM.Collect$$libinit$$0000001B) for __rt_lib_init_atexit_1
    libinit.o(.ARM.Collect$$libinit$$00000000) refers (Special) to libinit2.o(.ARM.Collect$$libinit$$00000021) for __rt_lib_init_clock_1
    libinit.o(.ARM.Collect$$libinit$$00000000) refers (Special) to libinit2.o(.ARM.Collect$$libinit$$00000032) for __rt_lib_init_cpp_1
    libinit.o(.ARM.Collect$$libinit$$00000000) refers (Special) to libinit2.o(.ARM.Collect$$libinit$$00000030) for __rt_lib_init_exceptions_1
    libinit.o(.ARM.Collect$$libinit$$00000000) refers (Special) to libinit2.o(.ARM.Collect$$libinit$$00000002) for __rt_lib_init_fp_1
    libinit.o(.ARM.Collect$$libinit$$00000000) refers (Special) to libinit2.o(.ARM.Collect$$libinit$$0000001F) for __rt_lib_init_fp_trap_1
    libinit.o(.ARM.Collect$$libinit$$00000000) refers (Special) to libinit2.o(.ARM.Collect$$libinit$$00000023) for __rt_lib_init_getenv_1
    libinit.o(.ARM.Collect$$libinit$$00000000) refers (Special) to libinit2.o(.ARM.Collect$$libinit$$0000000A) for __rt_lib_init_heap_1
    libinit.o(.ARM.Collect$$libinit$$00000000) refers (Special) to libinit2.o(.ARM.Collect$$libinit$$00000011) for __rt_lib_init_lc_collate_1
    libinit.o(.ARM.Collect$$libinit$$00000000) refers (Special) to libinit2.o(.ARM.Collect$$libinit$$00000013) for __rt_lib_init_lc_ctype_1
    libinit.o(.ARM.Collect$$libinit$$00000000) refers (Special) to libinit2.o(.ARM.Collect$$libinit$$00000015) for __rt_lib_init_lc_monetary_1
    libinit.o(.ARM.Collect$$libinit$$00000000) refers (Special) to libinit2.o(.ARM.Collect$$libinit$$00000017) for __rt_lib_init_lc_numeric_1
    libinit.o(.ARM.Collect$$libinit$$00000000) refers (Special) to libinit2.o(.ARM.Collect$$libinit$$00000019) for __rt_lib_init_lc_time_1
    libinit.o(.ARM.Collect$$libinit$$00000000) refers (Special) to libinit2.o(.ARM.Collect$$libinit$$00000004) for __rt_lib_init_preinit_1
    libinit.o(.ARM.Collect$$libinit$$00000000) refers (Special) to libinit2.o(.ARM.Collect$$libinit$$0000000E) for __rt_lib_init_rand_1
    libinit.o(.ARM.Collect$$libinit$$00000000) refers (Special) to libinit2.o(.ARM.Collect$$libinit$$00000033) for __rt_lib_init_return
    libinit.o(.ARM.Collect$$libinit$$00000000) refers (Special) to libinit2.o(.ARM.Collect$$libinit$$0000001D) for __rt_lib_init_signal_1
    libinit.o(.ARM.Collect$$libinit$$00000000) refers (Special) to libinit2.o(.ARM.Collect$$libinit$$00000025) for __rt_lib_init_stdio_1
    libinit.o(.ARM.Collect$$libinit$$00000000) refers (Special) to libinit2.o(.ARM.Collect$$libinit$$0000000C) for __rt_lib_init_user_alloc_1
    libspace.o(.text) refers to libspace.o(.bss) for __libspace_start
    rtexit.o(.ARM.Collect$$rtexit$$00000000) refers (Special) to rtexit2.o(.ARM.Collect$$rtexit$$00000004) for __rt_exit_exit
    rtexit.o(.ARM.Collect$$rtexit$$00000000) refers (Special) to rtexit2.o(.ARM.Collect$$rtexit$$00000003) for __rt_exit_ls
    rtexit.o(.ARM.Collect$$rtexit$$00000000) refers (Special) to rtexit2.o(.ARM.Collect$$rtexit$$00000002) for __rt_exit_prels_1
    rtexit.o(.ARM.exidx) refers (Special) to rtexit2.o(.ARM.Collect$$rtexit$$00000004) for __rt_exit_exit
    rtexit.o(.ARM.exidx) refers (Special) to rtexit2.o(.ARM.Collect$$rtexit$$00000003) for __rt_exit_ls
    rtexit.o(.ARM.exidx) refers (Special) to rtexit2.o(.ARM.Collect$$rtexit$$00000002) for __rt_exit_prels_1
    rtexit.o(.ARM.exidx) refers to rtexit.o(.ARM.Collect$$rtexit$$00000000) for .ARM.Collect$$rtexit$$00000000
    rt_raise.o(.text) refers to __raise.o(.text) for __raise
    rt_raise.o(.text) refers to sys_exit.o(.text) for _sys_exit
    defsig_exit.o(.text) refers to sys_exit.o(.text) for _sys_exit
    defsig_fpe_inner.o(.text) refers to defsig_general.o(.text) for __default_signal_display
    libinit2.o(.ARM.Collect$$libinit$$00000010) refers to libinit2.o(.ARM.Collect$$libinit$$0000000F) for .ARM.Collect$$libinit$$0000000F
    libinit2.o(.ARM.Collect$$libinit$$00000012) refers to libinit2.o(.ARM.Collect$$libinit$$0000000F) for .ARM.Collect$$libinit$$0000000F
    libinit2.o(.ARM.Collect$$libinit$$00000014) refers to libinit2.o(.ARM.Collect$$libinit$$0000000F) for .ARM.Collect$$libinit$$0000000F
    libinit2.o(.ARM.Collect$$libinit$$00000016) refers to libinit2.o(.ARM.Collect$$libinit$$0000000F) for .ARM.Collect$$libinit$$0000000F
    libinit2.o(.ARM.Collect$$libinit$$00000018) refers to libinit2.o(.ARM.Collect$$libinit$$0000000F) for .ARM.Collect$$libinit$$0000000F
    libinit2.o(.ARM.Collect$$libinit$$00000026) refers to argv_veneer.o(.text) for __ARM_argv_veneer
    libinit2.o(.ARM.Collect$$libinit$$00000027) refers to argv_veneer.o(.text) for __ARM_argv_veneer
    sys_exit.o(.text) refers (Special) to use_no_semi.o(.text) for __I$use$semihosting
    sys_exit.o(.text) refers (Special) to indicate_semi.o(.text) for __semihosting_library_function
    rtexit2.o(.ARM.Collect$$rtexit$$00000003) refers to libshutdown.o(.ARM.Collect$$libshutdown$$00000000) for __rt_lib_shutdown
    rtexit2.o(.ARM.Collect$$rtexit$$00000004) refers to sys_exit.o(.text) for _sys_exit
    rtexit2.o(.ARM.exidx) refers to rtexit2.o(.ARM.Collect$$rtexit$$00000001) for .ARM.Collect$$rtexit$$00000001
    rtexit2.o(.ARM.exidx) refers to rtexit2.o(.ARM.Collect$$rtexit$$00000003) for .ARM.Collect$$rtexit$$00000003
    rtexit2.o(.ARM.exidx) refers to rtexit2.o(.ARM.Collect$$rtexit$$00000004) for .ARM.Collect$$rtexit$$00000004
    __raise.o(.text) refers to defsig.o(CL$$defsig) for __default_signal_handler
    defsig_general.o(.text) refers to sys_wrch.o(.text) for _ttywrch
    sys_wrch.o(.text) refers (Special) to use_no_semi.o(.text) for __I$use$semihosting
    sys_wrch.o(.text) refers (Special) to indicate_semi.o(.text) for __semihosting_library_function
    defsig.o(CL$$defsig) refers to defsig_fpe_inner.o(.text) for __rt_SIGFPE_inner
    defsig.o(CL$$defsig) refers to defsig_rtmem_inner.o(.text) for __rt_SIGRTMEM_inner
    _get_argv_nomalloc.o(.text) refers (Special) to hrguard.o(.text) for __heap_region$guard
    _get_argv_nomalloc.o(.text) refers to defsig_rtmem_outer.o(.text) for __rt_SIGRTMEM
    _get_argv_nomalloc.o(.text) refers to sys_command.o(.text) for _sys_command_string
    libshutdown.o(.ARM.Collect$$libshutdown$$00000000) refers (Special) to libshutdown2.o(.ARM.Collect$$libshutdown$$00000002) for __rt_lib_shutdown_cpp_1
    libshutdown.o(.ARM.Collect$$libshutdown$$00000000) refers (Special) to libshutdown2.o(.ARM.Collect$$libshutdown$$00000007) for __rt_lib_shutdown_fp_trap_1
    libshutdown.o(.ARM.Collect$$libshutdown$$00000000) refers (Special) to libshutdown2.o(.ARM.Collect$$libshutdown$$0000000F) for __rt_lib_shutdown_heap_1
    libshutdown.o(.ARM.Collect$$libshutdown$$00000000) refers (Special) to libshutdown2.o(.ARM.Collect$$libshutdown$$00000010) for __rt_lib_shutdown_return
    libshutdown.o(.ARM.Collect$$libshutdown$$00000000) refers (Special) to libshutdown2.o(.ARM.Collect$$libshutdown$$0000000A) for __rt_lib_shutdown_signal_1
    libshutdown.o(.ARM.Collect$$libshutdown$$00000000) refers (Special) to libshutdown2.o(.ARM.Collect$$libshutdown$$00000004) for __rt_lib_shutdown_stdio_1
    libshutdown.o(.ARM.Collect$$libshutdown$$00000000) refers (Special) to libshutdown2.o(.ARM.Collect$$libshutdown$$0000000C) for __rt_lib_shutdown_user_alloc_1
    sys_command.o(.text) refers (Special) to use_no_semi.o(.text) for __I$use$semihosting
    sys_command.o(.text) refers (Special) to indicate_semi.o(.text) for __semihosting_library_function
    defsig_abrt_inner.o(.text) refers to defsig_general.o(.text) for __default_signal_display
    defsig_rtred_inner.o(.text) refers to defsig_general.o(.text) for __default_signal_display
    defsig_rtmem_inner.o(.text) refers to defsig_general.o(.text) for __default_signal_display
    defsig_rtmem_outer.o(.text) refers to defsig_rtmem_inner.o(.text) for __rt_SIGRTMEM_inner
    defsig_rtmem_outer.o(.text) refers to defsig_exit.o(.text) for __sig_exit
    defsig_rtmem_formal.o(.text) refers to rt_raise.o(.text) for __rt_raise
    defsig_stak_inner.o(.text) refers to defsig_general.o(.text) for __default_signal_display
    defsig_pvfn_inner.o(.text) refers to defsig_general.o(.text) for __default_signal_display
    defsig_cppl_inner.o(.text) refers to defsig_general.o(.text) for __default_signal_display
    defsig_segv_inner.o(.text) refers to defsig_general.o(.text) for __default_signal_display
    defsig_other.o(.text) refers to defsig_general.o(.text) for __default_signal_display


==============================================================================

Removing Unused input sections from the image.

    Removing main.o(.rev16_text), (4 bytes).
    Removing main.o(.revsh_text), (4 bytes).
    Removing led.o(.rev16_text), (4 bytes).
    Removing led.o(.revsh_text), (4 bytes).
    Removing sc.o(.rev16_text), (4 bytes).
    Removing sc.o(.revsh_text), (4 bytes).
    Removing usart.o(.rev16_text), (4 bytes).
    Removing usart.o(.revsh_text), (4 bytes).
    Removing usart.o(i.getPointer), (24 bytes).
    Removing usart.o(i.newData), (36 bytes).
    Removing usart.o(.data), (1 bytes).
    Removing usart.o(.data), (1 bytes).
    Removing rfm.o(.rev16_text), (4 bytes).
    Removing rfm.o(.revsh_text), (4 bytes).
    Removing rfm.o(.bss), (200 bytes).
    Removing animation.o(.rev16_text), (4 bytes).
    Removing animation.o(.revsh_text), (4 bytes).
    Removing animation.o(.data), (3 bytes).
    Removing animation.o(.data), (3 bytes).
    Removing animation.o(.data), (3 bytes).
    Removing animation.o(.data), (3 bytes).
    Removing animation.o(.data), (3 bytes).
    Removing animation.o(.data), (3 bytes).
    Removing animation.o(.data), (3 bytes).
    Removing animation.o(.data), (3 bytes).
    Removing system_stm32f0xx.o(.rev16_text), (4 bytes).
    Removing system_stm32f0xx.o(.revsh_text), (4 bytes).

27 unused section(s) (total 342 bytes) removed from the image.

==============================================================================

Image Symbol Table

    Local Symbols

    Symbol Name                              Value     Ov Type        Size  Object(Section)

    ../clib/angel/boardlib.s                 0x00000000   Number         0  boardinit2.o ABSOLUTE
    ../clib/angel/boardlib.s                 0x00000000   Number         0  boardinit3.o ABSOLUTE
    ../clib/angel/boardlib.s                 0x00000000   Number         0  boardinit1.o ABSOLUTE
    ../clib/angel/boardlib.s                 0x00000000   Number         0  boardshut.o ABSOLUTE
    ../clib/angel/handlers.s                 0x00000000   Number         0  __scatter_copy.o ABSOLUTE
    ../clib/angel/handlers.s                 0x00000000   Number         0  __scatter_zi.o ABSOLUTE
    ../clib/angel/kernel.s                   0x00000000   Number         0  __rtentry.o ABSOLUTE
    ../clib/angel/kernel.s                   0x00000000   Number         0  rtexit2.o ABSOLUTE
    ../clib/angel/kernel.s                   0x00000000   Number         0  __rtentry2.o ABSOLUTE
    ../clib/angel/kernel.s                   0x00000000   Number         0  rtexit.o ABSOLUTE
    ../clib/angel/kernel.s                   0x00000000   Number         0  __rtentry4.o ABSOLUTE
    ../clib/angel/rt.s                       0x00000000   Number         0  aeabi_idiv0.o ABSOLUTE
    ../clib/angel/rt.s                       0x00000000   Number         0  aeabi_idiv0_sigfpe.o ABSOLUTE
    ../clib/angel/rt.s                       0x00000000   Number         0  rt_raise.o ABSOLUTE
    ../clib/angel/rt.s                       0x00000000   Number         0  rt_div0.o ABSOLUTE
    ../clib/angel/scatterp.s                 0x00000000   Number         0  __scatter.o ABSOLUTE
    ../clib/angel/startup.s                  0x00000000   Number         0  __main.o ABSOLUTE
    ../clib/angel/sys.s                      0x00000000   Number         0  tempstk.o ABSOLUTE
    ../clib/angel/sys.s                      0x00000000   Number         0  libspace.o ABSOLUTE
    ../clib/angel/sys.s                      0x00000000   Number         0  use_no_semi.o ABSOLUTE
    ../clib/angel/sys.s                      0x00000000   Number         0  indicate_semi.o ABSOLUTE
    ../clib/angel/sys.s                      0x00000000   Number         0  sys_stackheap_outer.o ABSOLUTE
    ../clib/angel/sysapp.c                   0x00000000   Number         0  sys_command.o ABSOLUTE
    ../clib/angel/sysapp.c                   0x00000000   Number         0  sys_wrch.o ABSOLUTE
    ../clib/angel/sysapp.c                   0x00000000   Number         0  sys_exit.o ABSOLUTE
    ../clib/armsys.c                         0x00000000   Number         0  _get_argv_nomalloc.o ABSOLUTE
    ../clib/armsys.c                         0x00000000   Number         0  argv_veneer.o ABSOLUTE
    ../clib/armsys.c                         0x00000000   Number         0  no_argv.o ABSOLUTE
    ../clib/division.s                       0x00000000   Number         0  aeabi_sdivfast.o ABSOLUTE
    ../clib/division.s                       0x00000000   Number         0  aeabi_sdivfast_div0.o ABSOLUTE
    ../clib/heapalloc.c                      0x00000000   Number         0  hrguard.o ABSOLUTE
    ../clib/heapaux.c                        0x00000000   Number         0  heapauxi.o ABSOLUTE
    ../clib/libinit.s                        0x00000000   Number         0  libinit2.o ABSOLUTE
    ../clib/libinit.s                        0x00000000   Number         0  libshutdown.o ABSOLUTE
    ../clib/libinit.s                        0x00000000   Number         0  libinit.o ABSOLUTE
    ../clib/libinit.s                        0x00000000   Number         0  libshutdown2.o ABSOLUTE
    ../clib/signal.c                         0x00000000   Number         0  __raise.o ABSOLUTE
    ../clib/signal.c                         0x00000000   Number         0  defsig_general.o ABSOLUTE
    ../clib/signal.c                         0x00000000   Number         0  defsig_rtmem_outer.o ABSOLUTE
    ../clib/signal.c                         0x00000000   Number         0  defsig_other.o ABSOLUTE
    ../clib/signal.c                         0x00000000   Number         0  defsig_segv_inner.o ABSOLUTE
    ../clib/signal.c                         0x00000000   Number         0  defsig_cppl_inner.o ABSOLUTE
    ../clib/signal.c                         0x00000000   Number         0  defsig_pvfn_inner.o ABSOLUTE
    ../clib/signal.c                         0x00000000   Number         0  defsig_abrt_inner.o ABSOLUTE
    ../clib/signal.c                         0x00000000   Number         0  defsig_rtmem_inner.o ABSOLUTE
    ../clib/signal.c                         0x00000000   Number         0  defsig_stak_inner.o ABSOLUTE
    ../clib/signal.c                         0x00000000   Number         0  defsig_rtmem_formal.o ABSOLUTE
    ../clib/signal.c                         0x00000000   Number         0  defsig_rtred_inner.o ABSOLUTE
    ../clib/signal.c                         0x00000000   Number         0  defsig_fpe_inner.o ABSOLUTE
    ../clib/signal.c                         0x00000000   Number         0  defsig_exit.o ABSOLUTE
    ../clib/signal.c                         0x00000000   Number         0  defsig_fpe_outer.o ABSOLUTE
    ../clib/signal.c                         0x00000000   Number         0  defsig_fpe_formal.o ABSOLUTE
    ../clib/signal.s                         0x00000000   Number         0  defsig.o ABSOLUTE
    ../clib/stdlib.c                         0x00000000   Number         0  exit.o ABSOLUTE
    ../fplib/cfplib/fpinit.c                 0x00000000   Number         0  fpinit.o ABSOLUTE
    RTE\Device\STM32F031K6\startup_stm32f031.s 0x00000000   Number         0  startup_stm32f031.o ABSOLUTE
    RTE\Device\STM32F031K6\system_stm32f0xx.c 0x00000000   Number         0  system_stm32f0xx.o ABSOLUTE
    RTE\\Device\\STM32F031K6\\system_stm32f0xx.c 0x00000000   Number         0  system_stm32f0xx.o ABSOLUTE
    animation.c                              0x00000000   Number         0  animation.o ABSOLUTE
    animation.c                              0x00000000   Number         0  animation.o ABSOLUTE
    dc.s                                     0x00000000   Number         0  dc.o ABSOLUTE
    led.c                                    0x00000000   Number         0  led.o ABSOLUTE
    led.c                                    0x00000000   Number         0  led.o ABSOLUTE
    main.c                                   0x00000000   Number         0  main.o ABSOLUTE
    main.c                                   0x00000000   Number         0  main.o ABSOLUTE
    rfm.c                                    0x00000000   Number         0  rfm.o ABSOLUTE
    rfm.c                                    0x00000000   Number         0  rfm.o ABSOLUTE
    sc.c                                     0x00000000   Number         0  sc.o ABSOLUTE
    sc.c                                     0x00000000   Number         0  sc.o ABSOLUTE
    usart.c                                  0x00000000   Number         0  usart.o ABSOLUTE
    usart.c                                  0x00000000   Number         0  usart.o ABSOLUTE
    RESET                                    0x08000000   Section      176  startup_stm32f031.o(RESET)
    !!!main                                  0x080000b0   Section        8  __main.o(!!!main)
    !!!scatter                               0x080000b8   Section       60  __scatter.o(!!!scatter)
    !!handler_copy                           0x080000f4   Section       26  __scatter_copy.o(!!handler_copy)
    !!handler_zi                             0x08000110   Section       28  __scatter_zi.o(!!handler_zi)
    .ARM.Collect$$libinit$$00000000          0x0800012c   Section        2  libinit.o(.ARM.Collect$$libinit$$00000000)
    .ARM.Collect$$libinit$$00000002          0x0800012e   Section        0  libinit2.o(.ARM.Collect$$libinit$$00000002)
    .ARM.Collect$$libinit$$00000004          0x0800012e   Section        0  libinit2.o(.ARM.Collect$$libinit$$00000004)
    .ARM.Collect$$libinit$$0000000A          0x0800012e   Section        0  libinit2.o(.ARM.Collect$$libinit$$0000000A)
    .ARM.Collect$$libinit$$0000000C          0x0800012e   Section        0  libinit2.o(.ARM.Collect$$libinit$$0000000C)
    .ARM.Collect$$libinit$$0000000E          0x0800012e   Section        0  libinit2.o(.ARM.Collect$$libinit$$0000000E)
    .ARM.Collect$$libinit$$00000011          0x0800012e   Section        0  libinit2.o(.ARM.Collect$$libinit$$00000011)
    .ARM.Collect$$libinit$$00000013          0x0800012e   Section        0  libinit2.o(.ARM.Collect$$libinit$$00000013)
    .ARM.Collect$$libinit$$00000015          0x0800012e   Section        0  libinit2.o(.ARM.Collect$$libinit$$00000015)
    .ARM.Collect$$libinit$$00000017          0x0800012e   Section        0  libinit2.o(.ARM.Collect$$libinit$$00000017)
    .ARM.Collect$$libinit$$00000019          0x0800012e   Section        0  libinit2.o(.ARM.Collect$$libinit$$00000019)
    .ARM.Collect$$libinit$$0000001B          0x0800012e   Section        0  libinit2.o(.ARM.Collect$$libinit$$0000001B)
    .ARM.Collect$$libinit$$0000001D          0x0800012e   Section        0  libinit2.o(.ARM.Collect$$libinit$$0000001D)
    .ARM.Collect$$libinit$$0000001F          0x0800012e   Section        0  libinit2.o(.ARM.Collect$$libinit$$0000001F)
    .ARM.Collect$$libinit$$00000021          0x0800012e   Section        0  libinit2.o(.ARM.Collect$$libinit$$00000021)
    .ARM.Collect$$libinit$$00000023          0x0800012e   Section        0  libinit2.o(.ARM.Collect$$libinit$$00000023)
    .ARM.Collect$$libinit$$00000025          0x0800012e   Section        0  libinit2.o(.ARM.Collect$$libinit$$00000025)
    .ARM.Collect$$libinit$$0000002C          0x0800012e   Section        0  libinit2.o(.ARM.Collect$$libinit$$0000002C)
    .ARM.Collect$$libinit$$0000002E          0x0800012e   Section        0  libinit2.o(.ARM.Collect$$libinit$$0000002E)
    .ARM.Collect$$libinit$$00000030          0x0800012e   Section        0  libinit2.o(.ARM.Collect$$libinit$$00000030)
    .ARM.Collect$$libinit$$00000032          0x0800012e   Section        0  libinit2.o(.ARM.Collect$$libinit$$00000032)
    .ARM.Collect$$libinit$$00000033          0x0800012e   Section        2  libinit2.o(.ARM.Collect$$libinit$$00000033)
    .ARM.Collect$$libshutdown$$00000000      0x08000130   Section        2  libshutdown.o(.ARM.Collect$$libshutdown$$00000000)
    .ARM.Collect$$libshutdown$$00000002      0x08000132   Section        0  libshutdown2.o(.ARM.Collect$$libshutdown$$00000002)
    .ARM.Collect$$libshutdown$$00000004      0x08000132   Section        0  libshutdown2.o(.ARM.Collect$$libshutdown$$00000004)
    .ARM.Collect$$libshutdown$$00000007      0x08000132   Section        0  libshutdown2.o(.ARM.Collect$$libshutdown$$00000007)
    .ARM.Collect$$libshutdown$$0000000A      0x08000132   Section        0  libshutdown2.o(.ARM.Collect$$libshutdown$$0000000A)
    .ARM.Collect$$libshutdown$$0000000C      0x08000132   Section        0  libshutdown2.o(.ARM.Collect$$libshutdown$$0000000C)
    .ARM.Collect$$libshutdown$$0000000F      0x08000132   Section        0  libshutdown2.o(.ARM.Collect$$libshutdown$$0000000F)
    .ARM.Collect$$libshutdown$$00000010      0x08000132   Section        2  libshutdown2.o(.ARM.Collect$$libshutdown$$00000010)
    .ARM.Collect$$rtentry$$00000000          0x08000134   Section        0  __rtentry.o(.ARM.Collect$$rtentry$$00000000)
    .ARM.Collect$$rtentry$$00000002          0x08000134   Section        0  __rtentry2.o(.ARM.Collect$$rtentry$$00000002)
    .ARM.Collect$$rtentry$$00000004          0x08000134   Section        6  __rtentry4.o(.ARM.Collect$$rtentry$$00000004)
    .ARM.Collect$$rtentry$$00000009          0x0800013a   Section        0  __rtentry2.o(.ARM.Collect$$rtentry$$00000009)
    .ARM.Collect$$rtentry$$0000000A          0x0800013a   Section        4  __rtentry2.o(.ARM.Collect$$rtentry$$0000000A)
    .ARM.Collect$$rtentry$$0000000C          0x0800013e   Section        0  __rtentry2.o(.ARM.Collect$$rtentry$$0000000C)
    .ARM.Collect$$rtentry$$0000000D          0x0800013e   Section        8  __rtentry2.o(.ARM.Collect$$rtentry$$0000000D)
    .ARM.Collect$$rtexit$$00000000           0x08000146   Section        2  rtexit.o(.ARM.Collect$$rtexit$$00000000)
    .ARM.Collect$$rtexit$$00000002           0x08000148   Section        0  rtexit2.o(.ARM.Collect$$rtexit$$00000002)
    .ARM.Collect$$rtexit$$00000003           0x08000148   Section        4  rtexit2.o(.ARM.Collect$$rtexit$$00000003)
    .ARM.Collect$$rtexit$$00000004           0x0800014c   Section        6  rtexit2.o(.ARM.Collect$$rtexit$$00000004)
    .text                                    0x08000154   Section      116  startup_stm32f031.o(.text)
    .text                                    0x080001c8   Section      488  aeabi_sdivfast.o(.text)
    .text                                    0x080003b0   Section        0  heapauxi.o(.text)
    .text                                    0x080003b6   Section       62  sys_stackheap_outer.o(.text)
    .text                                    0x080003f4   Section        0  exit.o(.text)
    .text                                    0x08000404   Section        8  libspace.o(.text)
    .text                                    0x0800040c   Section        0  sys_exit.o(.text)
    .text                                    0x08000418   Section        2  use_no_semi.o(.text)
    .text                                    0x0800041a   Section        0  indicate_semi.o(.text)
    i.SystemCoreClockConfigure               0x0800041c   Section        0  main.o(i.SystemCoreClockConfigure)
    i.SystemCoreClockUpdate                  0x080004a4   Section        0  system_stm32f0xx.o(i.SystemCoreClockUpdate)
    i.SystemInit                             0x08000514   Section        0  system_stm32f0xx.o(i.SystemInit)
    i.animation_cycle                        0x080005fc   Section        0  animation.o(i.animation_cycle)
    i.animation_initialize                   0x08000684   Section        0  animation.o(i.animation_initialize)
    i.animation_triggerBG                    0x080006b4   Section        0  animation.o(i.animation_triggerBG)
    i.animation_triggerFG                    0x080006dc   Section        0  animation.o(i.animation_triggerFG)
    i.blinkCycle                             0x08000704   Section        0  animation.o(i.blinkCycle)
    blinkCycle                               0x08000705   Thumb Code    68  animation.o(i.blinkCycle)
    i.blinkTrigger                           0x08000750   Section        0  animation.o(i.blinkTrigger)
    blinkTrigger                             0x08000751   Thumb Code    78  animation.o(i.blinkTrigger)
    i.constColorCycle                        0x080007ac   Section        0  animation.o(i.constColorCycle)
    constColorCycle                          0x080007ad   Thumb Code   308  animation.o(i.constColorCycle)
    i.constColorTrigger                      0x080008e8   Section        0  animation.o(i.constColorTrigger)
    constColorTrigger                        0x080008e9   Thumb Code    18  animation.o(i.constColorTrigger)
    i.led_cycle                              0x08000904   Section        0  led.o(i.led_cycle)
    i.led_initialize                         0x080009bc   Section        0  led.o(i.led_initialize)
    i.led_setLEDBuffer                       0x08000a38   Section        0  led.o(i.led_setLEDBuffer)
    i.main                                   0x08000a44   Section        0  main.o(i.main)
    i.rfm_initialize                         0x08000aa8   Section        0  rfm.o(i.rfm_initialize)
    i.rfm_writeByte                          0x08000b2c   Section        0  rfm.o(i.rfm_writeByte)
    rfm_writeByte                            0x08000b2d   Thumb Code   118  rfm.o(i.rfm_writeByte)
    i.sc_initialize                          0x08000ba8   Section        0  sc.o(i.sc_initialize)
    i.sc_waitForCycle                        0x08000bd0   Section        0  sc.o(i.sc_waitForCycle)
    i.usart_checkNewCommand                  0x08000bfc   Section        0  usart.o(i.usart_checkNewCommand)
    i.usart_cycle                            0x08000d18   Section        0  usart.o(i.usart_cycle)
    i.usart_initialize                       0x08000d38   Section        0  usart.o(i.usart_initialize)
    i.usart_waiting                          0x08000de4   Section        0  usart.o(i.usart_waiting)
    .data                                    0x20000000   Section        1  main.o(.data)
    .data                                    0x20000004   Section        4  led.o(.data)
    buffer                                   0x20000004   Data           4  led.o(.data)
    .data                                    0x20000008   Section        2  sc.o(.data)
    .data                                    0x2000000a   Section       15  usart.o(.data)
    commandCounter                           0x2000000a   Data           1  usart.o(.data)
    oldSession                               0x2000000b   Data           1  usart.o(.data)
    tailPointer                              0x2000000e   Data           2  usart.o(.data)
    .data                                    0x2000001a   Section       68  rfm.o(.data)
    .data                                    0x20000060   Section       36  animation.o(.data)
    speed                                    0x20000064   Data           2  animation.o(.data)
    ColorCounter                             0x20000066   Data           2  animation.o(.data)
    .data                                    0x20000084   Section       20  system_stm32f0xx.o(.data)
    .bss                                     0x20000098   Section      100  usart.o(.bss)
    .bss                                     0x200000fc   Section     1200  animation.o(.bss)
    bgBuffer                                 0x200000fc   Data         360  animation.o(.bss)
    fgBuffer                                 0x20000264   Data         360  animation.o(.bss)
    buffer                                   0x200003cc   Data         360  animation.o(.bss)
    opacity                                  0x20000534   Data         120  animation.o(.bss)
    .bss                                     0x200005ac   Section       96  libspace.o(.bss)
    HEAP                                     0x20000610   Section      512  startup_stm32f031.o(HEAP)
    Heap_Mem                                 0x20000610   Data         512  startup_stm32f031.o(HEAP)
    STACK                                    0x20000810   Section     1024  startup_stm32f031.o(STACK)
    Stack_Mem                                0x20000810   Data        1024  startup_stm32f031.o(STACK)
    __initial_sp                             0x20000c10   Data           0  startup_stm32f031.o(STACK)

    Global Symbols

    Symbol Name                              Value     Ov Type        Size  Object(Section)

    BuildAttributes$$THM_ISAv3M$S$PE$A:L22$X:L11$S22$IEEE1$IW$USESV6$~STKCKD$USESV7$~SHL$OTIME$ROPI$EBA8$UX$STANDARDLIB$REQ8$PRES8$EABIv2 0x00000000   Number         0  anon$$obj.o ABSOLUTE
    __ARM_use_no_argv                        0x00000000   Number         0  main.o ABSOLUTE
    __ARM_exceptions_init                     - Undefined Weak Reference
    __alloca_initialize                       - Undefined Weak Reference
    __arm_preinit_                            - Undefined Weak Reference
    __cpp_initialize__aeabi_                  - Undefined Weak Reference
    __cxa_finalize                            - Undefined Weak Reference
    __rt_locale                               - Undefined Weak Reference
    __sigvec_lookup                           - Undefined Weak Reference
    _atexit_init                              - Undefined Weak Reference
    _call_atexit_fns                          - Undefined Weak Reference
    _clock_init                               - Undefined Weak Reference
    _fp_trap_init                             - Undefined Weak Reference
    _fp_trap_shutdown                         - Undefined Weak Reference
    _get_lc_collate                           - Undefined Weak Reference
    _get_lc_ctype                             - Undefined Weak Reference
    _get_lc_monetary                          - Undefined Weak Reference
    _get_lc_numeric                           - Undefined Weak Reference
    _get_lc_time                              - Undefined Weak Reference
    _getenv_init                              - Undefined Weak Reference
    _handle_redirection                       - Undefined Weak Reference
    _init_alloc                               - Undefined Weak Reference
    _init_user_alloc                          - Undefined Weak Reference
    _initio                                   - Undefined Weak Reference
    _rand_init                                - Undefined Weak Reference
    _signal_finish                            - Undefined Weak Reference
    _signal_init                              - Undefined Weak Reference
    _terminate_alloc                          - Undefined Weak Reference
    _terminate_user_alloc                     - Undefined Weak Reference
    _terminateio                              - Undefined Weak Reference
    __Vectors_Size                           0x000000b0   Number         0  startup_stm32f031.o ABSOLUTE
    __Vectors                                0x08000000   Data           4  startup_stm32f031.o(RESET)
    __Vectors_End                            0x080000b0   Data           0  startup_stm32f031.o(RESET)
    __main                                   0x080000b1   Thumb Code     8  __main.o(!!!main)
    __scatterload                            0x080000b9   Thumb Code     0  __scatter.o(!!!scatter)
    __scatterload_rt2                        0x080000b9   Thumb Code    52  __scatter.o(!!!scatter)
    __scatterload_rt2_thumb_only             0x080000b9   Thumb Code     0  __scatter.o(!!!scatter)
    __scatterload_null                       0x080000c9   Thumb Code     0  __scatter.o(!!!scatter)
    __scatterload_copy                       0x080000f5   Thumb Code    26  __scatter_copy.o(!!handler_copy)
    __scatterload_zeroinit                   0x08000111   Thumb Code    28  __scatter_zi.o(!!handler_zi)
    __rt_lib_init                            0x0800012d   Thumb Code     0  libinit.o(.ARM.Collect$$libinit$$00000000)
    __rt_lib_init_alloca_1                   0x0800012f   Thumb Code     0  libinit2.o(.ARM.Collect$$libinit$$0000002E)
    __rt_lib_init_argv_1                     0x0800012f   Thumb Code     0  libinit2.o(.ARM.Collect$$libinit$$0000002C)
    __rt_lib_init_atexit_1                   0x0800012f   Thumb Code     0  libinit2.o(.ARM.Collect$$libinit$$0000001B)
    __rt_lib_init_clock_1                    0x0800012f   Thumb Code     0  libinit2.o(.ARM.Collect$$libinit$$00000021)
    __rt_lib_init_cpp_1                      0x0800012f   Thumb Code     0  libinit2.o(.ARM.Collect$$libinit$$00000032)
    __rt_lib_init_exceptions_1               0x0800012f   Thumb Code     0  libinit2.o(.ARM.Collect$$libinit$$00000030)
    __rt_lib_init_fp_1                       0x0800012f   Thumb Code     0  libinit2.o(.ARM.Collect$$libinit$$00000002)
    __rt_lib_init_fp_trap_1                  0x0800012f   Thumb Code     0  libinit2.o(.ARM.Collect$$libinit$$0000001F)
    __rt_lib_init_getenv_1                   0x0800012f   Thumb Code     0  libinit2.o(.ARM.Collect$$libinit$$00000023)
    __rt_lib_init_heap_1                     0x0800012f   Thumb Code     0  libinit2.o(.ARM.Collect$$libinit$$0000000A)
    __rt_lib_init_lc_collate_1               0x0800012f   Thumb Code     0  libinit2.o(.ARM.Collect$$libinit$$00000011)
    __rt_lib_init_lc_ctype_1                 0x0800012f   Thumb Code     0  libinit2.o(.ARM.Collect$$libinit$$00000013)
    __rt_lib_init_lc_monetary_1              0x0800012f   Thumb Code     0  libinit2.o(.ARM.Collect$$libinit$$00000015)
    __rt_lib_init_lc_numeric_1               0x0800012f   Thumb Code     0  libinit2.o(.ARM.Collect$$libinit$$00000017)
    __rt_lib_init_lc_time_1                  0x0800012f   Thumb Code     0  libinit2.o(.ARM.Collect$$libinit$$00000019)
    __rt_lib_init_preinit_1                  0x0800012f   Thumb Code     0  libinit2.o(.ARM.Collect$$libinit$$00000004)
    __rt_lib_init_rand_1                     0x0800012f   Thumb Code     0  libinit2.o(.ARM.Collect$$libinit$$0000000E)
    __rt_lib_init_return                     0x0800012f   Thumb Code     0  libinit2.o(.ARM.Collect$$libinit$$00000033)
    __rt_lib_init_signal_1                   0x0800012f   Thumb Code     0  libinit2.o(.ARM.Collect$$libinit$$0000001D)
    __rt_lib_init_stdio_1                    0x0800012f   Thumb Code     0  libinit2.o(.ARM.Collect$$libinit$$00000025)
    __rt_lib_init_user_alloc_1               0x0800012f   Thumb Code     0  libinit2.o(.ARM.Collect$$libinit$$0000000C)
    __rt_lib_shutdown                        0x08000131   Thumb Code     0  libshutdown.o(.ARM.Collect$$libshutdown$$00000000)
    __rt_lib_shutdown_cpp_1                  0x08000133   Thumb Code     0  libshutdown2.o(.ARM.Collect$$libshutdown$$00000002)
    __rt_lib_shutdown_fp_trap_1              0x08000133   Thumb Code     0  libshutdown2.o(.ARM.Collect$$libshutdown$$00000007)
    __rt_lib_shutdown_heap_1                 0x08000133   Thumb Code     0  libshutdown2.o(.ARM.Collect$$libshutdown$$0000000F)
    __rt_lib_shutdown_return                 0x08000133   Thumb Code     0  libshutdown2.o(.ARM.Collect$$libshutdown$$00000010)
    __rt_lib_shutdown_signal_1               0x08000133   Thumb Code     0  libshutdown2.o(.ARM.Collect$$libshutdown$$0000000A)
    __rt_lib_shutdown_stdio_1                0x08000133   Thumb Code     0  libshutdown2.o(.ARM.Collect$$libshutdown$$00000004)
    __rt_lib_shutdown_user_alloc_1           0x08000133   Thumb Code     0  libshutdown2.o(.ARM.Collect$$libshutdown$$0000000C)
    __rt_entry                               0x08000135   Thumb Code     0  __rtentry.o(.ARM.Collect$$rtentry$$00000000)
    __rt_entry_presh_1                       0x08000135   Thumb Code     0  __rtentry2.o(.ARM.Collect$$rtentry$$00000002)
    __rt_entry_sh                            0x08000135   Thumb Code     0  __rtentry4.o(.ARM.Collect$$rtentry$$00000004)
    __rt_entry_li                            0x0800013b   Thumb Code     0  __rtentry2.o(.ARM.Collect$$rtentry$$0000000A)
    __rt_entry_postsh_1                      0x0800013b   Thumb Code     0  __rtentry2.o(.ARM.Collect$$rtentry$$00000009)
    __rt_entry_main                          0x0800013f   Thumb Code     0  __rtentry2.o(.ARM.Collect$$rtentry$$0000000D)
    __rt_entry_postli_1                      0x0800013f   Thumb Code     0  __rtentry2.o(.ARM.Collect$$rtentry$$0000000C)
    __rt_exit                                0x08000147   Thumb Code     0  rtexit.o(.ARM.Collect$$rtexit$$00000000)
    __rt_exit_ls                             0x08000149   Thumb Code     0  rtexit2.o(.ARM.Collect$$rtexit$$00000003)
    __rt_exit_prels_1                        0x08000149   Thumb Code     0  rtexit2.o(.ARM.Collect$$rtexit$$00000002)
    __rt_exit_exit                           0x0800014d   Thumb Code     0  rtexit2.o(.ARM.Collect$$rtexit$$00000004)
    Reset_Handler                            0x08000155   Thumb Code    38  startup_stm32f031.o(.text)
    NMI_Handler                              0x0800017b   Thumb Code     2  startup_stm32f031.o(.text)
    HardFault_Handler                        0x0800017d   Thumb Code     2  startup_stm32f031.o(.text)
    SVC_Handler                              0x0800017f   Thumb Code     2  startup_stm32f031.o(.text)
    PendSV_Handler                           0x08000181   Thumb Code     2  startup_stm32f031.o(.text)
    SysTick_Handler                          0x08000183   Thumb Code     2  startup_stm32f031.o(.text)
    ADC1_IRQHandler                          0x08000185   Thumb Code     0  startup_stm32f031.o(.text)
    DMA1_Channel1_IRQHandler                 0x08000185   Thumb Code     0  startup_stm32f031.o(.text)
    DMA1_Channel2_3_IRQHandler               0x08000185   Thumb Code     0  startup_stm32f031.o(.text)
    DMA1_Channel4_5_IRQHandler               0x08000185   Thumb Code     0  startup_stm32f031.o(.text)
    EXTI0_1_IRQHandler                       0x08000185   Thumb Code     0  startup_stm32f031.o(.text)
    EXTI2_3_IRQHandler                       0x08000185   Thumb Code     0  startup_stm32f031.o(.text)
    EXTI4_15_IRQHandler                      0x08000185   Thumb Code     0  startup_stm32f031.o(.text)
    FLASH_IRQHandler                         0x08000185   Thumb Code     0  startup_stm32f031.o(.text)
    I2C1_IRQHandler                          0x08000185   Thumb Code     0  startup_stm32f031.o(.text)
    PVD_IRQHandler                           0x08000185   Thumb Code     0  startup_stm32f031.o(.text)
    RCC_IRQHandler                           0x08000185   Thumb Code     0  startup_stm32f031.o(.text)
    RTC_IRQHandler                           0x08000185   Thumb Code     0  startup_stm32f031.o(.text)
    SPI1_IRQHandler                          0x08000185   Thumb Code     0  startup_stm32f031.o(.text)
    TIM14_IRQHandler                         0x08000185   Thumb Code     0  startup_stm32f031.o(.text)
    TIM16_IRQHandler                         0x08000185   Thumb Code     0  startup_stm32f031.o(.text)
    TIM17_IRQHandler                         0x08000185   Thumb Code     0  startup_stm32f031.o(.text)
    TIM1_BRK_UP_TRG_COM_IRQHandler           0x08000185   Thumb Code     0  startup_stm32f031.o(.text)
    TIM1_CC_IRQHandler                       0x08000185   Thumb Code     0  startup_stm32f031.o(.text)
    TIM2_IRQHandler                          0x08000185   Thumb Code     0  startup_stm32f031.o(.text)
    TIM3_IRQHandler                          0x08000185   Thumb Code     0  startup_stm32f031.o(.text)
    USART1_IRQHandler                        0x08000185   Thumb Code     0  startup_stm32f031.o(.text)
    WWDG_IRQHandler                          0x08000185   Thumb Code     0  startup_stm32f031.o(.text)
    __user_initial_stackheap                 0x08000189   Thumb Code     0  startup_stm32f031.o(.text)
    __aeabi_uidiv                            0x080001c9   Thumb Code     0  aeabi_sdivfast.o(.text)
    __aeabi_uidivmod                         0x080001c9   Thumb Code    28  aeabi_sdivfast.o(.text)
    __aeabi_idiv                             0x080001e5   Thumb Code     0  aeabi_sdivfast.o(.text)
    __aeabi_idivmod                          0x080001e5   Thumb Code   460  aeabi_sdivfast.o(.text)
    __use_two_region_memory                  0x080003b1   Thumb Code     2  heapauxi.o(.text)
    __rt_heap_escrow$2region                 0x080003b3   Thumb Code     2  heapauxi.o(.text)
    __rt_heap_expand$2region                 0x080003b5   Thumb Code     2  heapauxi.o(.text)
    __user_setup_stackheap                   0x080003b7   Thumb Code    62  sys_stackheap_outer.o(.text)
    exit                                     0x080003f5   Thumb Code    16  exit.o(.text)
    __user_libspace                          0x08000405   Thumb Code     8  libspace.o(.text)
    __user_perproc_libspace                  0x08000405   Thumb Code     0  libspace.o(.text)
    __user_perthread_libspace                0x08000405   Thumb Code     0  libspace.o(.text)
    _sys_exit                                0x0800040d   Thumb Code     8  sys_exit.o(.text)
    __I$use$semihosting                      0x08000419   Thumb Code     0  use_no_semi.o(.text)
    __use_no_semihosting_swi                 0x08000419   Thumb Code     2  use_no_semi.o(.text)
    __semihosting_library_function           0x0800041b   Thumb Code     0  indicate_semi.o(.text)
    SystemCoreClockConfigure                 0x0800041d   Thumb Code   126  main.o(i.SystemCoreClockConfigure)
    SystemCoreClockUpdate                    0x080004a5   Thumb Code    90  system_stm32f0xx.o(i.SystemCoreClockUpdate)
    SystemInit                               0x08000515   Thumb Code   216  system_stm32f0xx.o(i.SystemInit)
    animation_cycle                          0x080005fd   Thumb Code   108  animation.o(i.animation_cycle)
    animation_initialize                     0x08000685   Thumb Code    40  animation.o(i.animation_initialize)
    animation_triggerBG                      0x080006b5   Thumb Code    30  animation.o(i.animation_triggerBG)
    animation_triggerFG                      0x080006dd   Thumb Code    30  animation.o(i.animation_triggerFG)
    led_cycle                                0x08000905   Thumb Code   176  led.o(i.led_cycle)
    led_initialize                           0x080009bd   Thumb Code   104  led.o(i.led_initialize)
    led_setLEDBuffer                         0x08000a39   Thumb Code     6  led.o(i.led_setLEDBuffer)
    main                                     0x08000a45   Thumb Code    94  main.o(i.main)
    rfm_initialize                           0x08000aa9   Thumb Code   116  rfm.o(i.rfm_initialize)
    sc_initialize                            0x08000ba9   Thumb Code    26  sc.o(i.sc_initialize)
    sc_waitForCycle                          0x08000bd1   Thumb Code    30  sc.o(i.sc_waitForCycle)
    usart_checkNewCommand                    0x08000bfd   Thumb Code   264  usart.o(i.usart_checkNewCommand)
    usart_cycle                              0x08000d19   Thumb Code    26  usart.o(i.usart_cycle)
    usart_initialize                         0x08000d39   Thumb Code   136  usart.o(i.usart_initialize)
    usart_waiting                            0x08000de5   Thumb Code     6  usart.o(i.usart_waiting)
    Region$$Table$$Base                      0x08000df0   Number         0  anon$$obj.o(Region$$Table)
    Region$$Table$$Limit                     0x08000e10   Number         0  anon$$obj.o(Region$$Table)
    device_adress                            0x20000000   Data           1  main.o(.data)
    old_value                                0x20000008   Data           2  sc.o(.data)
    waiting                                  0x2000000c   Data           1  usart.o(.data)
    state                                    0x2000000d   Data           1  usart.o(.data)
    delayCounter                             0x20000010   Data           2  usart.o(.data)
    commandBuffer                            0x20000012   Data           7  usart.o(.data)
    rfm_send                                 0x2000001a   Data          68  rfm.o(.data)
    bgAnimation                              0x20000060   Data           1  animation.o(.data)
    fgAnimation                              0x20000061   Data           1  animation.o(.data)
    dec                                      0x20000062   Data           1  animation.o(.data)
    constColor                               0x20000068   Data           3  animation.o(.data)
    tmp                                      0x2000006b   Data           3  animation.o(.data)
    counter                                  0x20000070   Data           4  animation.o(.data)
    FGanimationList                          0x20000074   Data           8  animation.o(.data)
    BGanimationList                          0x2000007c   Data           8  animation.o(.data)
    SystemCoreClock                          0x20000084   Data           4  system_stm32f0xx.o(.data)
    AHBPrescTable                            0x20000088   Data          16  system_stm32f0xx.o(.data)
    rec_buffer                               0x20000098   Data         100  usart.o(.bss)
    __libspace_start                         0x200005ac   Data          96  libspace.o(.bss)
    __temporary_stack_top$libspace           0x2000060c   Data           0  libspace.o(.bss)



==============================================================================

Memory Map of the image

  Image Entry point : 0x08000155

  Load Region LR_1 (Base: 0x08000000, Size: 0x00000ea8, Max: 0xffffffff, ABSOLUTE)

    Execution Region ER_RO (Base: 0x08000000, Size: 0x00000e10, Max: 0xffffffff, ABSOLUTE)

    Base Addr    Size         Type   Attr      Idx    E Section Name        Object

    0x08000000   0x000000b0   Data   RO          313    RESET               startup_stm32f031.o
    0x080000b0   0x00000008   Code   RO          358  * !!!main             c_p.l(__main.o)
    0x080000b8   0x0000003c   Code   RO          527    !!!scatter          c_p.l(__scatter.o)
    0x080000f4   0x0000001a   Code   RO          529    !!handler_copy      c_p.l(__scatter_copy.o)
    0x0800010e   0x00000002   PAD
    0x08000110   0x0000001c   Code   RO          531    !!handler_zi        c_p.l(__scatter_zi.o)
    0x0800012c   0x00000002   Code   RO          396    .ARM.Collect$$libinit$$00000000  c_p.l(libinit.o)
    0x0800012e   0x00000000   Code   RO          410    .ARM.Collect$$libinit$$00000002  c_p.l(libinit2.o)
    0x0800012e   0x00000000   Code   RO          412    .ARM.Collect$$libinit$$00000004  c_p.l(libinit2.o)
    0x0800012e   0x00000000   Code   RO          415    .ARM.Collect$$libinit$$0000000A  c_p.l(libinit2.o)
    0x0800012e   0x00000000   Code   RO          417    .ARM.Collect$$libinit$$0000000C  c_p.l(libinit2.o)
    0x0800012e   0x00000000   Code   RO          419    .ARM.Collect$$libinit$$0000000E  c_p.l(libinit2.o)
    0x0800012e   0x00000000   Code   RO          422    .ARM.Collect$$libinit$$00000011  c_p.l(libinit2.o)
    0x0800012e   0x00000000   Code   RO          424    .ARM.Collect$$libinit$$00000013  c_p.l(libinit2.o)
    0x0800012e   0x00000000   Code   RO          426    .ARM.Collect$$libinit$$00000015  c_p.l(libinit2.o)
    0x0800012e   0x00000000   Code   RO          428    .ARM.Collect$$libinit$$00000017  c_p.l(libinit2.o)
    0x0800012e   0x00000000   Code   RO          430    .ARM.Collect$$libinit$$00000019  c_p.l(libinit2.o)
    0x0800012e   0x00000000   Code   RO          432    .ARM.Collect$$libinit$$0000001B  c_p.l(libinit2.o)
    0x0800012e   0x00000000   Code   RO          434    .ARM.Collect$$libinit$$0000001D  c_p.l(libinit2.o)
    0x0800012e   0x00000000   Code   RO          436    .ARM.Collect$$libinit$$0000001F  c_p.l(libinit2.o)
    0x0800012e   0x00000000   Code   RO          438    .ARM.Collect$$libinit$$00000021  c_p.l(libinit2.o)
    0x0800012e   0x00000000   Code   RO          440    .ARM.Collect$$libinit$$00000023  c_p.l(libinit2.o)
    0x0800012e   0x00000000   Code   RO          442    .ARM.Collect$$libinit$$00000025  c_p.l(libinit2.o)
    0x0800012e   0x00000000   Code   RO          446    .ARM.Collect$$libinit$$0000002C  c_p.l(libinit2.o)
    0x0800012e   0x00000000   Code   RO          448    .ARM.Collect$$libinit$$0000002E  c_p.l(libinit2.o)
    0x0800012e   0x00000000   Code   RO          450    .ARM.Collect$$libinit$$00000030  c_p.l(libinit2.o)
    0x0800012e   0x00000000   Code   RO          452    .ARM.Collect$$libinit$$00000032  c_p.l(libinit2.o)
    0x0800012e   0x00000002   Code   RO          453    .ARM.Collect$$libinit$$00000033  c_p.l(libinit2.o)
    0x08000130   0x00000002   Code   RO          484    .ARM.Collect$$libshutdown$$00000000  c_p.l(libshutdown.o)
    0x08000132   0x00000000   Code   RO          510    .ARM.Collect$$libshutdown$$00000002  c_p.l(libshutdown2.o)
    0x08000132   0x00000000   Code   RO          512    .ARM.Collect$$libshutdown$$00000004  c_p.l(libshutdown2.o)
    0x08000132   0x00000000   Code   RO          515    .ARM.Collect$$libshutdown$$00000007  c_p.l(libshutdown2.o)
    0x08000132   0x00000000   Code   RO          518    .ARM.Collect$$libshutdown$$0000000A  c_p.l(libshutdown2.o)
    0x08000132   0x00000000   Code   RO          520    .ARM.Collect$$libshutdown$$0000000C  c_p.l(libshutdown2.o)
    0x08000132   0x00000000   Code   RO          523    .ARM.Collect$$libshutdown$$0000000F  c_p.l(libshutdown2.o)
    0x08000132   0x00000002   Code   RO          524    .ARM.Collect$$libshutdown$$00000010  c_p.l(libshutdown2.o)
    0x08000134   0x00000000   Code   RO          360    .ARM.Collect$$rtentry$$00000000  c_p.l(__rtentry.o)
    0x08000134   0x00000000   Code   RO          366    .ARM.Collect$$rtentry$$00000002  c_p.l(__rtentry2.o)
    0x08000134   0x00000006   Code   RO          378    .ARM.Collect$$rtentry$$00000004  c_p.l(__rtentry4.o)
    0x0800013a   0x00000000   Code   RO          368    .ARM.Collect$$rtentry$$00000009  c_p.l(__rtentry2.o)
    0x0800013a   0x00000004   Code   RO          369    .ARM.Collect$$rtentry$$0000000A  c_p.l(__rtentry2.o)
    0x0800013e   0x00000000   Code   RO          371    .ARM.Collect$$rtentry$$0000000C  c_p.l(__rtentry2.o)
    0x0800013e   0x00000008   Code   RO          372    .ARM.Collect$$rtentry$$0000000D  c_p.l(__rtentry2.o)
    0x08000146   0x00000002   Code   RO          401    .ARM.Collect$$rtexit$$00000000  c_p.l(rtexit.o)
    0x08000148   0x00000000   Code   RO          457    .ARM.Collect$$rtexit$$00000002  c_p.l(rtexit2.o)
    0x08000148   0x00000004   Code   RO          458    .ARM.Collect$$rtexit$$00000003  c_p.l(rtexit2.o)
    0x0800014c   0x00000006   Code   RO          459    .ARM.Collect$$rtexit$$00000004  c_p.l(rtexit2.o)
    0x08000152   0x00000002   PAD
    0x08000154   0x00000074   Code   RO          314  * .text               startup_stm32f031.o
    0x080001c8   0x000001e8   Code   RO          352    .text               c_p.l(aeabi_sdivfast.o)
    0x080003b0   0x00000006   Code   RO          356    .text               c_p.l(heapauxi.o)
    0x080003b6   0x0000003e   Code   RO          382    .text               c_p.l(sys_stackheap_outer.o)
    0x080003f4   0x00000010   Code   RO          385    .text               c_p.l(exit.o)
    0x08000404   0x00000008   Code   RO          397    .text               c_p.l(libspace.o)
    0x0800040c   0x0000000c   Code   RO          454    .text               c_p.l(sys_exit.o)
    0x08000418   0x00000002   Code   RO          473    .text               c_p.l(use_no_semi.o)
    0x0800041a   0x00000000   Code   RO          475    .text               c_p.l(indicate_semi.o)
    0x0800041a   0x00000002   PAD
    0x0800041c   0x00000088   Code   RO            3    i.SystemCoreClockConfigure  main.o
    0x080004a4   0x00000070   Code   RO          320    i.SystemCoreClockUpdate  system_stm32f0xx.o
    0x08000514   0x000000e8   Code   RO          321    i.SystemInit        system_stm32f0xx.o
    0x080005fc   0x00000088   Code   RO          227    i.animation_cycle   animation.o
    0x08000684   0x00000030   Code   RO          228    i.animation_initialize  animation.o
    0x080006b4   0x00000028   Code   RO          229    i.animation_triggerBG  animation.o
    0x080006dc   0x00000028   Code   RO          230    i.animation_triggerFG  animation.o
    0x08000704   0x0000004c   Code   RO          231    i.blinkCycle        animation.o
    0x08000750   0x0000005c   Code   RO          232    i.blinkTrigger      animation.o
    0x080007ac   0x0000013c   Code   RO          233    i.constColorCycle   animation.o
    0x080008e8   0x0000001c   Code   RO          234    i.constColorTrigger  animation.o
    0x08000904   0x000000b8   Code   RO           76    i.led_cycle         led.o
    0x080009bc   0x0000007c   Code   RO           77    i.led_initialize    led.o
    0x08000a38   0x0000000c   Code   RO           78    i.led_setLEDBuffer  led.o
    0x08000a44   0x00000064   Code   RO            4    i.main              main.o
    0x08000aa8   0x00000084   Code   RO          198    i.rfm_initialize    rfm.o
    0x08000b2c   0x0000007c   Code   RO          199    i.rfm_writeByte     rfm.o
    0x08000ba8   0x00000028   Code   RO          110    i.sc_initialize     sc.o
    0x08000bd0   0x0000002c   Code   RO          111    i.sc_waitForCycle   sc.o
    0x08000bfc   0x0000011c   Code   RO          141    i.usart_checkNewCommand  usart.o
    0x08000d18   0x00000020   Code   RO          142    i.usart_cycle       usart.o
    0x08000d38   0x000000ac   Code   RO          143    i.usart_initialize  usart.o
    0x08000de4   0x0000000c   Code   RO          144    i.usart_waiting     usart.o
    0x08000df0   0x00000020   Data   RO          525    Region$$Table       anon$$obj.o


    Execution Region ER_RW (Base: 0x20000000, Size: 0x00000098, Max: 0xffffffff, ABSOLUTE)

    Base Addr    Size         Type   Attr      Idx    E Section Name        Object

    0x20000000   0x00000001   Data   RW            5    .data               main.o
    0x20000001   0x00000003   PAD
    0x20000004   0x00000004   Data   RW           79    .data               led.o
    0x20000008   0x00000002   Data   RW          112    .data               sc.o
    0x2000000a   0x0000000f   Data   RW          146    .data               usart.o
    0x20000019   0x00000001   PAD
    0x2000001a   0x00000044   Data   RW          201    .data               rfm.o
    0x2000005e   0x00000002   PAD
    0x20000060   0x00000024   Data   RW          244    .data               animation.o
    0x20000084   0x00000014   Data   RW          322    .data               system_stm32f0xx.o


    Execution Region ER_ZI (Base: 0x20000098, Size: 0x00000b78, Max: 0xffffffff, ABSOLUTE)

    Base Addr    Size         Type   Attr      Idx    E Section Name        Object

    0x20000098   0x00000064   Zero   RW          145    .bss                usart.o
    0x200000fc   0x000004b0   Zero   RW          235    .bss                animation.o
    0x200005ac   0x00000060   Zero   RW          398    .bss                c_p.l(libspace.o)
    0x2000060c   0x00000004   PAD
    0x20000610   0x00000200   Zero   RW          312    HEAP                startup_stm32f031.o
    0x20000810   0x00000400   Zero   RW          311    STACK               startup_stm32f031.o


==============================================================================

Image component sizes


      Code (inc. data)   RO Data    RW Data    ZI Data      Debug   Object Name

       776        102          0         36       1200       7985   animation.o
       320         34          0          4          0       2028   led.o
       236         16          0          1          0       6274   main.o
       256         22          0         68          0       2491   rfm.o
        84         28          0          2          0        974   sc.o
       116         56        176          0       1536        640   startup_stm32f031.o
       344         38          0         20          0       2093   system_stm32f0xx.o
       500         68          0         15        100       3680   usart.o

    ----------------------------------------------------------------------
      2632        364        208        152       2836      26165   Object Totals
         0          0         32          0          0          0   (incl. Generated)
         0          0          0          6          0          0   (incl. Padding)

    ----------------------------------------------------------------------

      Code (inc. data)   RO Data    RW Data    ZI Data      Debug   Library Member Name

         8          0          0          0          0         68   __main.o
         0          0          0          0          0          0   __rtentry.o
        12          0          0          0          0          0   __rtentry2.o
         6          0          0          0          0          0   __rtentry4.o
        60          8          0          0          0          0   __scatter.o
        26          0          0          0          0          0   __scatter_copy.o
        28          0          0          0          0          0   __scatter_zi.o
       488          0          0          0          0         92   aeabi_sdivfast.o
        16          0          0          0          0         68   exit.o
         6          0          0          0          0        136   heapauxi.o
         0          0          0          0          0          0   indicate_semi.o
         2          0          0          0          0          0   libinit.o
         2          0          0          0          0          0   libinit2.o
         2          0          0          0          0          0   libshutdown.o
         2          0          0          0          0          0   libshutdown2.o
         8          4          0          0         96         68   libspace.o
         2          0          0          0          0          0   rtexit.o
        10          0          0          0          0          0   rtexit2.o
        12          4          0          0          0         60   sys_exit.o
        62          0          0          0          0         80   sys_stackheap_outer.o
         2          0          0          0          0         68   use_no_semi.o

    ----------------------------------------------------------------------
       760         16          0          0        100        640   Library Totals
         6          0          0          0          4          0   (incl. Padding)

    ----------------------------------------------------------------------

      Code (inc. data)   RO Data    RW Data    ZI Data      Debug   Library Name

       754         16          0          0         96        640   c_p.l

    ----------------------------------------------------------------------
       760         16          0          0        100        640   Library Totals

    ----------------------------------------------------------------------

==============================================================================


      Code (inc. data)   RO Data    RW Data    ZI Data      Debug   

      3392        380        208        152       2936      25825   Grand Totals
      3392        380        208        152       2936      25825   ELF Image Totals
      3392        380        208        152          0          0   ROM Totals

==============================================================================

    Total RO  Size (Code + RO Data)                 3600 (   3.52kB)
    Total RW  Size (RW Data + ZI Data)              3088 (   3.02kB)
    Total ROM Size (Code + RO Data + RW Data)       3752 (   3.66kB)

==============================================================================

