Component: ARM Compiler 5.06 (build 20) Tool: armlink [4d35a3]

==============================================================================

Section Cross References

    main.o(i.main) refers to main.o(i.SystemCoreClockConfigure) for SystemCoreClockConfigure
    main.o(i.main) refers to system_stm32f0xx.o(i.SystemCoreClockUpdate) for SystemCoreClockUpdate
    main.o(i.main) refers to led.o(i.led_initialize) for led_initialize
    main.o(i.main) refers to sc.o(i.sc_initialize) for sc_initialize
    main.o(i.main) refers to usart.o(i.usart_initialize) for usart_initialize
    main.o(i.main) refers to rfm.o(i.rfm_initialize) for rfm_initialize
    main.o(i.main) refers to accel.o(i.accel_init) for accel_init
    main.o(i.main) refers to adc.o(i.adc_initialize) for adc_initialize
    main.o(i.main) refers to animation.o(i.animation_initialize) for animation_initialize
    main.o(i.main) refers to control.o(i.control_init) for control_init
    main.o(i.main) refers to adc.o(i.adc_getID) for adc_getID
    main.o(i.main) refers to adc.o(i.adc_cycle) for adc_cycle
    main.o(i.main) refers to accel.o(i.accel_cycle) for accel_cycle
    main.o(i.main) refers to control.o(i.control_cycle) for control_cycle
    main.o(i.main) refers to animation.o(i.animation_cycle) for animation_cycle
    main.o(i.main) refers to led.o(i.led_cycle) for led_cycle
    main.o(i.main) refers to usart.o(i.usart_cycle) for usart_cycle
    main.o(i.main) refers to usart.o(i.usart_checkNewCommand) for usart_checkNewCommand
    main.o(i.main) refers to sc.o(i.sc_waitForCycle) for sc_waitForCycle
    main.o(i.main) refers to usart.o(i.usart_waiting) for usart_waiting
    main.o(i.main) refers to main.o(.data) for .data
    led.o(i.led_cycle) refers to led.o(.data) for .data
    led.o(i.led_setLEDBuffer) refers to led.o(.data) for .data
    sc.o(i.sc_waitForCycle) refers to sc.o(.data) for .data
    usart.o(i.getPointer) refers to aeabi_sdivfast.o(.text) for __aeabi_uidivmod
    usart.o(i.getPointer) refers to usart.o(.data) for .data
    usart.o(i.newData) refers to usart.o(.data) for .data
    usart.o(i.usart_checkNewCommand) refers to aeabi_sdivfast.o(.text) for __aeabi_uidivmod
    usart.o(i.usart_checkNewCommand) refers to animation.o(i.animation_triggerBG) for animation_triggerBG
    usart.o(i.usart_checkNewCommand) refers to animation.o(i.animation_triggerFG) for animation_triggerFG
    usart.o(i.usart_checkNewCommand) refers to usart.o(.data) for .data
    usart.o(i.usart_checkNewCommand) refers to usart.o(.bss) for .bss
    usart.o(i.usart_checkNewCommand) refers to main.o(.data) for device_adress
    usart.o(i.usart_cycle) refers to usart.o(.data) for .data
    usart.o(i.usart_initialize) refers to usart.o(.data) for .data
    usart.o(i.usart_initialize) refers to usart.o(.bss) for .bss
    usart.o(i.usart_waiting) refers to usart.o(.data) for .data
    rfm.o(i.rfm_initialize) refers to rfm.o(i.rfm_writeByte) for rfm_writeByte
    rfm.o(i.rfm_initialize) refers to rfm.o(.data) for .data
    animation.o(i.animation_cycle) refers to animation.o(.data) for .data
    animation.o(i.animation_cycle) refers to animation.o(.bss) for .bss
    animation.o(i.animation_initialize) refers to led.o(i.led_setLEDBuffer) for led_setLEDBuffer
    animation.o(i.animation_initialize) refers to animation.o(.bss) for .bss
    animation.o(i.animation_initialize) refers to animation.o(.data) for .data
    animation.o(i.animation_setBG) refers to animation.o(.bss) for .bss
    animation.o(i.animation_setBGRange) refers to animation.o(.bss) for .bss
    animation.o(i.animation_setFG) refers to animation.o(.bss) for .bss
    animation.o(i.animation_setFGRange) refers to animation.o(.bss) for .bss
    animation.o(i.animation_setOpacity) refers to animation.o(.bss) for .bss
    animation.o(i.animation_setOpacityRange) refers to animation.o(.bss) for .bss
    animation.o(i.animation_triggerBG) refers to animation.o(.data) for .data
    animation.o(i.animation_triggerFG) refers to animation.o(.data) for .data
    animation.o(i.blinkCycle) refers to animation.o(i.animation_setOpacityRange) for animation_setOpacityRange
    animation.o(i.blinkCycle) refers to animation.o(.data) for .data
    animation.o(i.blinkTrigger) refers to animation.o(.bss) for .bss
    animation.o(i.blinkTrigger) refers to animation.o(.data) for .data
    animation.o(i.constColorTrigger) refers to animation.o(.bss) for .bss
    animation.o(i.idleTrigger) refers to animation.o(i.animation_setOpacityRange) for animation_setOpacityRange
    animation.o(i.rainCycle) refers to animation.o(.data) for .data
    animation.o(i.rainCycle) refers to animation.o(.bss) for .bss
    animation.o(i.rainTrigger) refers to aeabi_sdivfast.o(.text) for __aeabi_uidivmod
    animation.o(i.rainTrigger) refers to animation.o(.data) for .data
    animation.o(i.rainTrigger) refers to animation.o(.bss) for .bss
[...]
    Removing animation.o(.data), (3 bytes).
    Removing animation.o(.data), (3 bytes).
    Removing animation.o(.data), (3 bytes).
    Removing animation.o(.data), (2 bytes).
    Removing animation.o(.data), (1 bytes).
    Removing animation.o(.data), (1 bytes).
    Removing animation.o(.data), (1 bytes).
    Removing animation.o(.data), (1 bytes).
    Removing animation.o(.data), (1 bytes).
    Removing accel.o(.rev16_text), (4 bytes).
    Removing accel.o(.revsh_text), (4 bytes).
    Removing accel.o(i.AddToFloatAvg), (24 bytes).
    Removing accel.o(i.GetOutputValue), (58 bytes).
    Removing accel.o(i.InitFloatAvg), (18 bytes).
    Removing adc.o(.rev16_text), (4 bytes).
    Removing adc.o(.revsh_text), (4 bytes).
    Removing control.o(.rev16_text), (4 bytes).
    Removing control.o(.revsh_text), (4 bytes).
    Removing control.o(i.nextMode), (28 bytes).
    Removing system_stm32f0xx.o(.rev16_text), (4 bytes).
    Removing system_stm32f0xx.o(.revsh_text), (4 bytes).

46 unused section(s) (total 614 bytes) removed from the image.

==============================================================================

Image Symbol Table

    Local Symbols

    Symbol Name                              Value     Ov Type        Size  Object(Section)

    ../clib/../cmprslib/zerorunl.c           0x00000000   Number         0  __dczerorl.o ABSOLUTE
    ../clib/angel/boardlib.s                 0x00000000   Number         0  boardinit2.o ABSOLUTE
    ../clib/angel/boardlib.s                 0x00000000   Number         0  boardshut.o ABSOLUTE
    ../clib/angel/boardlib.s                 0x00000000   Number         0  boardinit1.o ABSOLUTE
    ../clib/angel/boardlib.s                 0x00000000   Number         0  boardinit3.o ABSOLUTE
    ../clib/angel/handlers.s                 0x00000000   Number         0  __scatter_zi.o ABSOLUTE
    ../clib/angel/kernel.s                   0x00000000   Number         0  __rtentry.o ABSOLUTE
    ../clib/angel/kernel.s                   0x00000000   Number         0  __rtentry4.o ABSOLUTE
    ../clib/angel/kernel.s                   0x00000000   Number         0  __rtentry2.o ABSOLUTE
    ../clib/angel/kernel.s                   0x00000000   Number         0  rtexit2.o ABSOLUTE
    ../clib/angel/kernel.s                   0x00000000   Number         0  rtexit.o ABSOLUTE
    ../clib/angel/rt.s                       0x00000000   Number         0  rt_div0.o ABSOLUTE
    ../clib/angel/rt.s                       0x00000000   Number         0  aeabi_idiv0.o ABSOLUTE
    ../clib/angel/rt.s                       0x00000000   Number         0  rt_raise.o ABSOLUTE
    ../clib/angel/rt.s                       0x00000000   Number         0  aeabi_idiv0_sigfpe.o ABSOLUTE
    ../clib/angel/rt.s                       0x00000000   Number         0  rt_errno_addr_intlibspace.o ABSOLUTE
    ../clib/angel/rt.s                       0x00000000   Number         0  rt_errno_addr.o ABSOLUTE
    ../clib/angel/scatterp.s                 0x00000000   Number         0  __scatter.o ABSOLUTE
    ../clib/angel/startup.s                  0x00000000   Number         0  __main.o ABSOLUTE
    ../clib/angel/sys.s                      0x00000000   Number         0  indicate_semi.o ABSOLUTE
    ../clib/angel/sys.s                      0x00000000   Number         0  use_no_semi.o ABSOLUTE
    ../clib/angel/sys.s                      0x00000000   Number         0  tempstk.o ABSOLUTE
    ../clib/angel/sys.s                      0x00000000   Number         0  sys_stackheap_outer.o ABSOLUTE
    ../clib/angel/sys.s                      0x00000000   Number         0  libspace.o ABSOLUTE
    ../clib/angel/sysapp.c                   0x00000000   Number         0  sys_wrch.o ABSOLUTE
    ../clib/angel/sysapp.c                   0x00000000   Number         0  sys_exit.o ABSOLUTE
    ../clib/angel/sysapp.c                   0x00000000   Number         0  sys_command.o ABSOLUTE
    ../clib/armsys.c                         0x00000000   Number         0  _get_argv_nomalloc.o ABSOLUTE
    ../clib/armsys.c                         0x00000000   Number         0  argv_veneer.o ABSOLUTE
    ../clib/armsys.c                         0x00000000   Number         0  no_argv.o ABSOLUTE
    ../clib/division.s                       0x00000000   Number         0  aeabi_sdivfast.o ABSOLUTE
    ../clib/division.s                       0x00000000   Number         0  aeabi_sdivfast_div0.o ABSOLUTE
    ../clib/fenv.c                           0x00000000   Number         0  _rserrno.o ABSOLUTE
    ../clib/heapalloc.c                      0x00000000   Number         0  hrguard.o ABSOLUTE
    ../clib/heapaux.c                        0x00000000   Number         0  heapauxi.o ABSOLUTE
    ../clib/libinit.s                        0x00000000   Number         0  libinit2.o ABSOLUTE
    ../clib/libinit.s                        0x00000000   Number         0  libshutdown2.o ABSOLUTE
    ../clib/libinit.s                        0x00000000   Number         0  libshutdown.o ABSOLUTE
    ../clib/libinit.s                        0x00000000   Number         0  libinit.o ABSOLUTE
    ../clib/memcpset.c                       0x00000000   Number         0  rt_memcpy.o ABSOLUTE
    ../clib/memcpset.c                       0x00000000   Number         0  aeabi_memset.o ABSOLUTE
    ../clib/memcpset.c                       0x00000000   Number         0  rt_memcpy.o ABSOLUTE
    ../clib/memcpset.c                       0x00000000   Number         0  rt_memclr.o ABSOLUTE
    ../clib/signal.c                         0x00000000   Number         0  defsig_fpe_outer.o ABSOLUTE
    ../clib/signal.c                         0x00000000   Number         0  defsig_rtmem_inner.o ABSOLUTE
    ../clib/signal.c                         0x00000000   Number         0  defsig_general.o ABSOLUTE
    ../clib/signal.c                         0x00000000   Number         0  __raise.o ABSOLUTE
    ../clib/signal.c                         0x00000000   Number         0  defsig_rtmem_formal.o ABSOLUTE
    ../clib/signal.c                         0x00000000   Number         0  defsig_fpe_inner.o ABSOLUTE
    ../clib/signal.c                         0x00000000   Number         0  defsig_exit.o ABSOLUTE
    ../clib/signal.c                         0x00000000   Number         0  defsig_other.o ABSOLUTE
    ../clib/signal.c                         0x00000000   Number         0  defsig_rtmem_outer.o ABSOLUTE
    ../clib/signal.c                         0x00000000   Number         0  defsig_fpe_formal.o ABSOLUTE
    ../clib/signal.c                         0x00000000   Number         0  defsig_abrt_inner.o ABSOLUTE
    ../clib/signal.c                         0x00000000   Number         0  defsig_rtred_inner.o ABSOLUTE
    ../clib/signal.c                         0x00000000   Number         0  defsig_stak_inner.o ABSOLUTE
    ../clib/signal.c                         0x00000000   Number         0  defsig_pvfn_inner.o ABSOLUTE
    ../clib/signal.c                         0x00000000   Number         0  defsig_cppl_inner.o ABSOLUTE
    ../clib/signal.c                         0x00000000   Number         0  defsig_segv_inner.o ABSOLUTE
    ../clib/signal.s                         0x00000000   Number         0  defsig.o ABSOLUTE
    ../clib/stdlib.c                         0x00000000   Number         0  exit.o ABSOLUTE
    ../clib/stdlib.c                         0x00000000   Number         0  rand.o ABSOLUTE
    ../clib/stdlib.c                         0x00000000   Number         0  rand.o ABSOLUTE
    ../fplib/cfplib/cmpret.c                 0x00000000   Number         0  cmpret.o ABSOLUTE
    ../fplib/cfplib/d2f.c                    0x00000000   Number         0  d2f.o ABSOLUTE
    ../fplib/cfplib/daddsub.c                0x00000000   Number         0  daddsub.o ABSOLUTE
    ../fplib/cfplib/dcmpin.c                 0x00000000   Number         0  dcmpin.o ABSOLUTE
    ../fplib/cfplib/ddiv.c                   0x00000000   Number         0  ddiv.o ABSOLUTE
    ../fplib/cfplib/dmul.c                   0x00000000   Number         0  dmul.o ABSOLUTE
    ../fplib/cfplib/dsqrt.c                  0x00000000   Number         0  dsqrt.o ABSOLUTE
    ../fplib/cfplib/f2d.c                    0x00000000   Number         0  f2d.o ABSOLUTE
    ../fplib/cfplib/fdiv.c                   0x00000000   Number         0  fdiv.o ABSOLUTE
    ../fplib/cfplib/ffix.c                   0x00000000   Number         0  dfixui.o ABSOLUTE
    ../fplib/cfplib/ffix.c                   0x00000000   Number         0  ffixui.o ABSOLUTE
    ../fplib/cfplib/ffix.c                   0x00000000   Number         0  dfixi.o ABSOLUTE
    ../fplib/cfplib/fflt.c                   0x00000000   Number         0  fflti.o ABSOLUTE
    ../fplib/cfplib/fflt.c                   0x00000000   Number         0  dflti.o ABSOLUTE
    ../fplib/cfplib/fpinit.c                 0x00000000   Number         0  fpinit.o ABSOLUTE
    ../fplib/cfplib/nan2.c                   0x00000000   Number         0  dnan2.o ABSOLUTE
    ../fplib/cfplib/retnan.c                 0x00000000   Number         0  retnan.o ABSOLUTE
    ../fplib/cfplib/scalbn.c                 0x00000000   Number         0  dscalbn.o ABSOLUTE
    ../fplib/dleqf6m.s                       0x00000000   Number         0  dlef.o ABSOLUTE
    ../fplib/drleqf6m.s                      0x00000000   Number         0  drlef.o ABSOLUTE
    ../fplib/faddsub6m.s                     0x00000000   Number         0  faddsub.o ABSOLUTE
    ../fplib/fmul6m.s                        0x00000000   Number         0  fmul.o ABSOLUTE
    ../fplib/usenofp.s                       0x00000000   Number         0  usenofp.o ABSOLUTE
    ../mathlib/atan.c                        0x00000000   Number         0  atan.o ABSOLUTE
    ../mathlib/atan.c                        0x00000000   Number         0  atan_x.o ABSOLUTE
    ../mathlib/atan2.c                       0x00000000   Number         0  atan2_x.o ABSOLUTE
    ../mathlib/atan2.c                       0x00000000   Number         0  atan2.o ABSOLUTE
    ../mathlib/dunder.c                      0x00000000   Number         0  dunder.o ABSOLUTE
    ../mathlib/floor.c                       0x00000000   Number         0  floor.o ABSOLUTE
    ../mathlib/fpclassify.c                  0x00000000   Number         0  fpclassify.o ABSOLUTE
    ../mathlib/poly.c                        0x00000000   Number         0  poly.o ABSOLUTE
    ../mathlib/pow.c                         0x00000000   Number         0  pow.o ABSOLUTE
    ../mathlib/pow.c                         0x00000000   Number         0  pow_x.o ABSOLUTE
    ../mathlib/qnan.c                        0x00000000   Number         0  qnan.o ABSOLUTE
    ../mathlib/sqrt.c                        0x00000000   Number         0  sqrt.o ABSOLUTE
    ../mathlib/sqrt.c                        0x00000000   Number         0  sqrt_x.o ABSOLUTE
    RTE\Device\STM32F031F6\startup_stm32f031.s 0x00000000   Number         0  startup_stm32f031.o ABSOLUTE
    RTE\Device\STM32F031F6\system_stm32f0xx.c 0x00000000   Number         0  system_stm32f0xx.o ABSOLUTE
    RTE\\Device\\STM32F031F6\\system_stm32f0xx.c 0x00000000   Number         0  system_stm32f0xx.o ABSOLUTE
    accel.c                                  0x00000000   Number         0  accel.o ABSOLUTE
    accel.c                                  0x00000000   Number         0  accel.o ABSOLUTE
    adc.c                                    0x00000000   Number         0  adc.o ABSOLUTE
    adc.c                                    0x00000000   Number         0  adc.o ABSOLUTE
    animation.c                              0x00000000   Number         0  animation.o ABSOLUTE
    animation.c                              0x00000000   Number         0  animation.o ABSOLUTE
    control.c                                0x00000000   Number         0  control.o ABSOLUTE
    control.c                                0x00000000   Number         0  control.o ABSOLUTE
    dc.s                                     0x00000000   Number         0  dc.o ABSOLUTE
    led.c                                    0x00000000   Number         0  led.o ABSOLUTE
    led.c                                    0x00000000   Number         0  led.o ABSOLUTE
    main.c                                   0x00000000   Number         0  main.o ABSOLUTE
    main.c                                   0x00000000   Number         0  main.o ABSOLUTE
    rfm.c                                    0x00000000   Number         0  rfm.o ABSOLUTE
    rfm.c                                    0x00000000   Number         0  rfm.o ABSOLUTE
    sc.c                                     0x00000000   Number         0  sc.o ABSOLUTE
    sc.c                                     0x00000000   Number         0  sc.o ABSOLUTE
    usart.c                                  0x00000000   Number         0  usart.o ABSOLUTE
    usart.c                                  0x00000000   Number         0  usart.o ABSOLUTE
    RESET                                    0x08000000   Section      176  startup_stm32f031.o(RESET)
    !!!main                                  0x080000b0   Section        8  __main.o(!!!main)
    !!!scatter                               0x080000b8   Section       60  __scatter.o(!!!scatter)
    !!handler_zi                             0x080000f4   Section       28  __scatter_zi.o(!!handler_zi)
    .ARM.Collect$$libinit$$00000000          0x08000110   Section        2  libinit.o(.ARM.Collect$$libinit$$00000000)
    .ARM.Collect$$libinit$$00000002          0x08000112   Section        0  libinit2.o(.ARM.Collect$$libinit$$00000002)
    .ARM.Collect$$libinit$$00000004          0x08000112   Section        0  libinit2.o(.ARM.Collect$$libinit$$00000004)
    .ARM.Collect$$libinit$$0000000A          0x08000112   Section        0  libinit2.o(.ARM.Collect$$libinit$$0000000A)
    .ARM.Collect$$libinit$$0000000C          0x08000112   Section        0  libinit2.o(.ARM.Collect$$libinit$$0000000C)
    .ARM.Collect$$libinit$$0000000D          0x08000112   Section        4  libinit2.o(.ARM.Collect$$libinit$$0000000D)
    .ARM.Collect$$libinit$$0000000E          0x08000116   Section        0  libinit2.o(.ARM.Collect$$libinit$$0000000E)
    .ARM.Collect$$libinit$$00000011          0x08000116   Section        0  libinit2.o(.ARM.Collect$$libinit$$00000011)
    .ARM.Collect$$libinit$$00000013          0x08000116   Section        0  libinit2.o(.ARM.Collect$$libinit$$00000013)
    .ARM.Collect$$libinit$$00000015          0x08000116   Section        0  libinit2.o(.ARM.Collect$$libinit$$00000015)
    .ARM.Collect$$libinit$$00000017          0x08000116   Section        0  libinit2.o(.ARM.Collect$$libinit$$00000017)
    .ARM.Collect$$libinit$$00000019          0x08000116   Section        0  libinit2.o(.ARM.Collect$$libinit$$00000019)
    .ARM.Collect$$libinit$$0000001B          0x08000116   Section        0  libinit2.o(.ARM.Collect$$libinit$$0000001B)
    .ARM.Collect$$libinit$$0000001D          0x08000116   Section        0  libinit2.o(.ARM.Collect$$libinit$$0000001D)
    .ARM.Collect$$libinit$$0000001F          0x08000116   Section        0  libinit2.o(.ARM.Collect$$libinit$$0000001F)
    .ARM.Collect$$libinit$$00000021          0x08000116   Section        0  libinit2.o(.ARM.Collect$$libinit$$00000021)
    .ARM.Collect$$libinit$$00000023          0x08000116   Section        0  libinit2.o(.ARM.Collect$$libinit$$00000023)
    .ARM.Collect$$libinit$$00000025          0x08000116   Section        0  libinit2.o(.ARM.Collect$$libinit$$00000025)
    .ARM.Collect$$libinit$$0000002C          0x08000116   Section        0  libinit2.o(.ARM.Collect$$libinit$$0000002C)
    .ARM.Collect$$libinit$$0000002E          0x08000116   Section        0  libinit2.o(.ARM.Collect$$libinit$$0000002E)
    .ARM.Collect$$libinit$$00000030          0x08000116   Section        0  libinit2.o(.ARM.Collect$$libinit$$00000030)
    .ARM.Collect$$libinit$$00000032          0x08000116   Section        0  libinit2.o(.ARM.Collect$$libinit$$00000032)
    .ARM.Collect$$libinit$$00000033          0x08000116   Section        2  libinit2.o(.ARM.Collect$$libinit$$00000033)
    .ARM.Collect$$libshutdown$$00000000      0x08000118   Section        2  libshutdown.o(.ARM.Collect$$libshutdown$$00000000)
    .ARM.Collect$$libshutdown$$00000002      0x0800011a   Section        0  libshutdown2.o(.ARM.Collect$$libshutdown$$00000002)
    .ARM.Collect$$libshutdown$$00000004      0x0800011a   Section        0  libshutdown2.o(.ARM.Collect$$libshutdown$$00000004)
    .ARM.Collect$$libshutdown$$00000007      0x0800011a   Section        0  libshutdown2.o(.ARM.Collect$$libshutdown$$00000007)
    .ARM.Collect$$libshutdown$$0000000A      0x0800011a   Section        0  libshutdown2.o(.ARM.Collect$$libshutdown$$0000000A)
    .ARM.Collect$$libshutdown$$0000000C      0x0800011a   Section        0  libshutdown2.o(.ARM.Collect$$libshutdown$$0000000C)
    .ARM.Collect$$libshutdown$$0000000F      0x0800011a   Section        0  libshutdown2.o(.ARM.Collect$$libshutdown$$0000000F)
    .ARM.Collect$$libshutdown$$00000010      0x0800011a   Section        2  libshutdown2.o(.ARM.Collect$$libshutdown$$00000010)
    .ARM.Collect$$rtentry$$00000000          0x0800011c   Section        0  __rtentry.o(.ARM.Collect$$rtentry$$00000000)
    .ARM.Collect$$rtentry$$00000002          0x0800011c   Section        0  __rtentry2.o(.ARM.Collect$$rtentry$$00000002)
    .ARM.Collect$$rtentry$$00000004          0x0800011c   Section        6  __rtentry4.o(.ARM.Collect$$rtentry$$00000004)
    .ARM.Collect$$rtentry$$00000009          0x08000122   Section        0  __rtentry2.o(.ARM.Collect$$rtentry$$00000009)
    .ARM.Collect$$rtentry$$0000000A          0x08000122   Section        4  __rtentry2.o(.ARM.Collect$$rtentry$$0000000A)
    .ARM.Collect$$rtentry$$0000000C          0x08000126   Section        0  __rtentry2.o(.ARM.Collect$$rtentry$$0000000C)
    .ARM.Collect$$rtentry$$0000000D          0x08000126   Section        8  __rtentry2.o(.ARM.Collect$$rtentry$$0000000D)
    .ARM.Collect$$rtexit$$00000000           0x0800012e   Section        2  rtexit.o(.ARM.Collect$$rtexit$$00000000)
    .ARM.Collect$$rtexit$$00000002           0x08000130   Section        0  rtexit2.o(.ARM.Collect$$rtexit$$00000002)
    .ARM.Collect$$rtexit$$00000003           0x08000130   Section        4  rtexit2.o(.ARM.Collect$$rtexit$$00000003)
    .ARM.Collect$$rtexit$$00000004           0x08000134   Section        6  rtexit2.o(.ARM.Collect$$rtexit$$00000004)
    .emb_text                                0x0800013c   Section       56  rand.o(.emb_text)
    .emb_text                                0x08000174   Section       56  rt_memcpy.o(.emb_text)
    .text                                    0x080001ac   Section      116  startup_stm32f031.o(.text)
    .text                                    0x08000220   Section        0  rand.o(.text)
    .text                                    0x0800025c   Section        0  rt_memcpy.o(.text)
    .text                                    0x080002de   Section        0  aeabi_memset.o(.text)
    .text                                    0x080002f0   Section      488  aeabi_sdivfast.o(.text)
    .text                                    0x080004d8   Section        0  heapauxi.o(.text)
    .text                                    0x080004e0   Section        0  d2f.o(.text)
    .text                                    0x0800055c   Section        0  daddsub.o(.text)
    _dadd1                                   0x0800055d   Thumb Code   290  daddsub.o(.text)
    _dsub1                                   0x0800067f   Thumb Code   470  daddsub.o(.text)
    .text                                    0x080008b4   Section        0  dfixi.o(.text)
    .text                                    0x08000920   Section        0  dfixui.o(.text)
    .text                                    0x08000968   Section        0  dflti.o(.text)
    .text                                    0x080009c0   Section        0  dmul.o(.text)
    .text                                    0x08000c08   Section        0  f2d.o(.text)
    .text                                    0x08000c5c   Section        0  fdiv.o(.text)
    .text                                    0x08000dbc   Section        0  ffixui.o(.text)
    .text                                    0x08000dec   Section        0  fflti.o(.text)
    .text                                    0x08000e4a   Section        0  _rserrno.o(.text)
    .text                                    0x08000e60   Section        0  rt_memclr.o(.text)
    .text                                    0x08000ea0   Section        0  dcmpin.o(.text)
    .text                                    0x08000f30   Section        0  ddiv.o(.text)
    .text                                    0x08001378   Section        0  dscalbn.o(.text)
    .text                                    0x080013d8   Section        8  rt_errno_addr_intlibspace.o(.text)
    .text                                    0x080013e0   Section        0  cmpret.o(.text)
    .text                                    0x08001410   Section        0  dnan2.o(.text)
    .text                                    0x08001424   Section        0  dsqrt.o(.text)
    .text                                    0x08001524   Section        8  libspace.o(.text)
    .text                                    0x0800152c   Section       62  sys_stackheap_outer.o(.text)
    .text                                    0x0800156a   Section        0  exit.o(.text)
    .text                                    0x0800157a   Section        0  retnan.o(.text)
    .text                                    0x080015d8   Section        0  sys_exit.o(.text)
    .text                                    0x080015e4   Section        2  use_no_semi.o(.text)
    .text                                    0x080015e6   Section        0  __dczerorl.o(.text)
    .text                                    0x080015e6   Section        0  indicate_semi.o(.text)
    i.CalcAngle                              0x08001620   Section        0  accel.o(i.CalcAngle)
    i.HSVtoRGB                               0x080016f8   Section        0  control.o(i.HSVtoRGB)
    i.RGBbrightness                          0x08001810   Section        0  animation.o(i.RGBbrightness)
    i.RGBround                               0x08001840   Section        0  control.o(i.RGBround)
    RGBround                                 0x08001841   Thumb Code   114  control.o(i.RGBround)
    i.SystemCoreClockConfigure               0x080018b4   Section        0  main.o(i.SystemCoreClockConfigure)
    i.SystemCoreClockUpdate                  0x08001944   Section        0  system_stm32f0xx.o(i.SystemCoreClockUpdate)
    i.SystemInit                             0x080019b4   Section        0  system_stm32f0xx.o(i.SystemInit)
    i.__ARM_fpclassify                       0x08001a9c   Section        0  fpclassify.o(i.__ARM_fpclassify)
    i.__kernel_poly                          0x08001ac8   Section        0  poly.o(i.__kernel_poly)
    i.__mathlib_dbl_divzero                  0x08001b74   Section        0  dunder.o(i.__mathlib_dbl_divzero)
    i.__mathlib_dbl_infnan                   0x08001b88   Section        0  dunder.o(i.__mathlib_dbl_infnan)
    i.__mathlib_dbl_infnan2                  0x08001b92   Section        0  dunder.o(i.__mathlib_dbl_infnan2)
    i.__mathlib_dbl_invalid                  0x08001b9a   Section        0  dunder.o(i.__mathlib_dbl_invalid)
    i.__mathlib_dbl_overflow                 0x08001bac   Section        0  dunder.o(i.__mathlib_dbl_overflow)
    i.__mathlib_dbl_underflow                0x08001bc0   Section        0  dunder.o(i.__mathlib_dbl_underflow)
    i.accel_cycle                            0x08001bd4   Section        0  accel.o(i.accel_cycle)
    i.accel_getData                          0x08001d58   Section        0  accel.o(i.accel_getData)
    i.accel_init                             0x08001d68   Section        0  accel.o(i.accel_init)
    i.adc_cycle                              0x08001e10   Section        0  adc.o(i.adc_cycle)
    i.adc_getBattery                         0x08001e58   Section        0  adc.o(i.adc_getBattery)
    i.adc_getID                              0x08001e70   Section        0  adc.o(i.adc_getID)
    i.adc_initialize                         0x08001e7c   Section        0  adc.o(i.adc_initialize)
    i.animation_cycle                        0x08002014   Section        0  animation.o(i.animation_cycle)
    i.animation_initialize                   0x0800209c   Section        0  animation.o(i.animation_initialize)
    i.animation_setFGRange                   0x080020cc   Section        0  animation.o(i.animation_setFGRange)
    i.animation_setOpacityRange              0x080020fc   Section        0  animation.o(i.animation_setOpacityRange)
    i.animation_triggerBG                    0x08002130   Section        0  animation.o(i.animation_triggerBG)
    i.animation_triggerFG                    0x08002158   Section        0  animation.o(i.animation_triggerFG)
    i.atan                                   0x08002180   Section        0  atan.o(i.atan)
    i.atan2                                  0x0800239c   Section        0  atan2.o(i.atan2)
    i.blinkCycle                             0x08002514   Section        0  animation.o(i.blinkCycle)
    blinkCycle                               0x08002515   Thumb Code    50  animation.o(i.blinkCycle)
    i.blinkTrigger                           0x0800254c   Section        0  animation.o(i.blinkTrigger)
    blinkTrigger                             0x0800254d   Thumb Code    96  animation.o(i.blinkTrigger)
    i.constColorCycle                        0x080025b4   Section        0  animation.o(i.constColorCycle)
    constColorCycle                          0x080025b5   Thumb Code     2  animation.o(i.constColorCycle)
    i.constColorTrigger                      0x080025b8   Section        0  animation.o(i.constColorTrigger)
    constColorTrigger                        0x080025b9   Thumb Code    74  animation.o(i.constColorTrigger)
    i.control_cycle                          0x08002608   Section        0  control.o(i.control_cycle)
    i.control_init                           0x08002758   Section        0  control.o(i.control_init)
    i.floor                                  0x0800276c   Section        0  floor.o(i.floor)
    i.idleCycle                              0x08002834   Section        0  animation.o(i.idleCycle)
    idleCycle                                0x08002835   Thumb Code     2  animation.o(i.idleCycle)
    i.idleTrigger                            0x08002836   Section        0  animation.o(i.idleTrigger)
    idleTrigger                              0x08002837   Thumb Code    30  animation.o(i.idleTrigger)
    i.led_cycle                              0x08002854   Section        0  led.o(i.led_cycle)
    i.led_initialize                         0x0800290c   Section        0  led.o(i.led_initialize)
    i.led_setLEDBuffer                       0x08002988   Section        0  led.o(i.led_setLEDBuffer)
    i.main                                   0x08002994   Section        0  main.o(i.main)
    i.pow                                    0x08002a08   Section        0  pow.o(i.pow)
    i.rainCycle                              0x08003404   Section        0  animation.o(i.rainCycle)
    rainCycle                                0x08003405   Thumb Code   294  animation.o(i.rainCycle)
    i.rainTrigger                            0x08003558   Section        0  animation.o(i.rainTrigger)
    rainTrigger                              0x08003559   Thumb Code   132  animation.o(i.rainTrigger)
    i.rainbowCycle                           0x080035f0   Section        0  animation.o(i.rainbowCycle)
    rainbowCycle                             0x080035f1   Thumb Code   414  animation.o(i.rainbowCycle)
    i.rainbowTrigger                         0x08003798   Section        0  animation.o(i.rainbowTrigger)
    rainbowTrigger                           0x08003799   Thumb Code    18  animation.o(i.rainbowTrigger)
    i.rfm_initialize                         0x080037b4   Section        0  rfm.o(i.rfm_initialize)
    i.rfm_writeByte                          0x08003840   Section        0  rfm.o(i.rfm_writeByte)
    rfm_writeByte                            0x08003841   Thumb Code   118  rfm.o(i.rfm_writeByte)
    i.sc_getTimeCounter                      0x080038c0   Section        0  sc.o(i.sc_getTimeCounter)
    i.sc_initialize                          0x080038cc   Section        0  sc.o(i.sc_initialize)
    i.sc_waitForCycle                        0x080038f4   Section        0  sc.o(i.sc_waitForCycle)
    i.sparkCycle                             0x08003920   Section        0  animation.o(i.sparkCycle)
    sparkCycle                               0x08003921   Thumb Code   106  animation.o(i.sparkCycle)
    i.sparkTrigger                           0x08003994   Section        0  animation.o(i.sparkTrigger)
    sparkTrigger                             0x08003995   Thumb Code    54  animation.o(i.sparkTrigger)
    i.sqrt                                   0x080039d4   Section        0  sqrt.o(i.sqrt)
    i.stateMachine                           0x08003a1c   Section        0  control.o(i.stateMachine)
    i.stripe2Cycle                           0x08003d4c   Section        0  animation.o(i.stripe2Cycle)
    stripe2Cycle                             0x08003d4d   Thumb Code   546  animation.o(i.stripe2Cycle)
    i.stripe2Trigger                         0x08003f78   Section        0  animation.o(i.stripe2Trigger)
    stripe2Trigger                           0x08003f79   Thumb Code   162  animation.o(i.stripe2Trigger)
    i.stripeCycle                            0x0800402c   Section        0  animation.o(i.stripeCycle)
    stripeCycle                              0x0800402d   Thumb Code   246  animation.o(i.stripeCycle)
    i.stripeTrigger                          0x0800412c   Section        0  animation.o(i.stripeTrigger)
    stripeTrigger                            0x0800412d   Thumb Code   162  animation.o(i.stripeTrigger)
    i.stroboCycle                            0x080041e0   Section        0  animation.o(i.stroboCycle)
    stroboCycle                              0x080041e1   Thumb Code   224  animation.o(i.stroboCycle)
    i.stroboTrigger                          0x080042c4   Section        0  animation.o(i.stroboTrigger)
    stroboTrigger                            0x080042c5   Thumb Code   176  animation.o(i.stroboTrigger)
    i.triggerMode                            0x08004380   Section        0  control.o(i.triggerMode)
    i.twoFaceCycle                           0x08004580   Section        0  animation.o(i.twoFaceCycle)
    twoFaceCycle                             0x08004581   Thumb Code     2  animation.o(i.twoFaceCycle)
    i.twoFaceTrigger                         0x08004584   Section        0  animation.o(i.twoFaceTrigger)
    twoFaceTrigger                           0x08004585   Thumb Code   186  animation.o(i.twoFaceTrigger)
    i.usart_checkNewCommand                  0x08004644   Section        0  usart.o(i.usart_checkNewCommand)
    i.usart_cycle                            0x08004760   Section        0  usart.o(i.usart_cycle)
    i.usart_initialize                       0x08004780   Section        0  usart.o(i.usart_initialize)
    i.usart_waiting                          0x08004814   Section        0  usart.o(i.usart_waiting)
    x$fpl$drleqf                             0x08004820   Section      104  drlef.o(x$fpl$drleqf)
    x$fpl$fadd                               0x08004888   Section      140  faddsub.o(x$fpl$fadd)
    _fadd1                                   0x08004895   Thumb Code     0  faddsub.o(x$fpl$fadd)
    x$fpl$fmul                               0x08004914   Section      176  fmul.o(x$fpl$fmul)
    x$fpl$frsb                               0x080049c4   Section       24  faddsub.o(x$fpl$frsb)
    x$fpl$fsub                               0x080049dc   Section      208  faddsub.o(x$fpl$fsub)
    _fsub1                                   0x080049e9   Thumb Code     0  faddsub.o(x$fpl$fsub)
    .constdata                               0x08004aac   Section       64  fdiv.o(.constdata)
    x$fpl$usenofp                            0x08004aac   Section        0  usenofp.o(x$fpl$usenofp)
    fdiv_tab                                 0x08004aac   Data          64  fdiv.o(.constdata)
    .constdata                               0x08004af0   Section      136  pow.o(.constdata)
    bp                                       0x08004af0   Data          16  pow.o(.constdata)
    dp_h                                     0x08004b00   Data          16  pow.o(.constdata)
    dp_l                                     0x08004b10   Data          16  pow.o(.constdata)
    L                                        0x08004b20   Data          48  pow.o(.constdata)
    P                                        0x08004b50   Data          40  pow.o(.constdata)
    .constdata                               0x08004b78   Section      128  ddiv.o(.constdata)
    ddiv_reciptbl                            0x08004b78   Data         128  ddiv.o(.constdata)
    .constdata                               0x08004bf8   Section      152  atan.o(.constdata)
    atanhi                                   0x08004bf8   Data          32  atan.o(.constdata)
    atanlo                                   0x08004c18   Data          32  atan.o(.constdata)
    aTodd                                    0x08004c38   Data          40  atan.o(.constdata)
    aTeven                                   0x08004c60   Data          48  atan.o(.constdata)
    .constdata                               0x08004c90   Section        8  qnan.o(.constdata)
    .data                                    0x20000000   Section        1  main.o(.data)
    .data                                    0x20000004   Section        4  led.o(.data)
    buffer                                   0x20000004   Data           4  led.o(.data)
    .data                                    0x20000008   Section        2  sc.o(.data)
    .data                                    0x2000000a   Section       15  usart.o(.data)
    commandCounter                           0x2000000a   Data           1  usart.o(.data)
    oldSession                               0x2000000b   Data           1  usart.o(.data)
    tailPointer                              0x2000000e   Data           2  usart.o(.data)
    .data                                    0x2000001a   Section       68  rfm.o(.data)
    .data                                    0x20000060   Section      124  animation.o(.data)
    stripeSpeed                              0x20000060   Data           1  animation.o(.data)
    stripeLength                             0x20000061   Data           1  animation.o(.data)
    stripeDelay                              0x20000062   Data           1  animation.o(.data)
    rainCounter                              0x20000063   Data           1  animation.o(.data)
    rainSpeed                                0x20000067   Data           1  animation.o(.data)
    stripeCounter                            0x20000070   Data           2  animation.o(.data)
    speed                                    0x20000072   Data           2  animation.o(.data)
    ColorCounter                             0x20000074   Data           2  animation.o(.data)
    color1                                   0x2000007f   Data           3  animation.o(.data)
    color2                                   0x20000082   Data           3  animation.o(.data)
    .data                                    0x200000dc   Section       12  accel.o(.data)
    .data                                    0x200000e8   Section        8  adc.o(.data)
    pointer                                  0x200000e8   Data           1  adc.o(.data)
    id_device                                0x200000e9   Data           1  adc.o(.data)
    battery_sum                              0x200000ec   Data           4  adc.o(.data)
    .data                                    0x200000f0   Section       44  control.o(.data)
    next_mode_count                          0x200000f1   Data           1  control.o(.data)
    z_axis                                   0x200000f4   Data           1  control.o(.data)
    startup                                  0x200000f5   Data           1  control.o(.data)
    control_mode_count                       0x20000108   Data           4  control.o(.data)
    mode_count                               0x2000010c   Data           4  control.o(.data)
    old_mode_count                           0x20000110   Data           4  control.o(.data)
    currentData                              0x20000114   Data           8  control.o(.data)
    .data                                    0x2000011c   Section       20  system_stm32f0xx.o(.data)
    .bss                                     0x20000130   Section      100  usart.o(.bss)
    .bss                                     0x20000194   Section     1480  animation.o(.bss)
    rainOpacity                              0x20000194   Data          70  animation.o(.bss)
    bgBuffer                                 0x200001da   Data         360  animation.o(.bss)
    fgBuffer                                 0x20000342   Data         360  animation.o(.bss)
    buffer                                   0x200004aa   Data         360  animation.o(.bss)
    opacity                                  0x20000612   Data         120  animation.o(.bss)
    rainBuffer                               0x2000068a   Data         210  animation.o(.bss)
    .bss                                     0x2000075c   Section       33  accel.o(.bss)
    .bss                                     0x2000077e   Section       64  adc.o(.bss)
    battery_buffer                           0x2000077e   Data          64  adc.o(.bss)
    .bss                                     0x200007c0   Section       24  control.o(.bss)
    .bss                                     0x200007d8   Section      228  rand.o(.bss)
    .bss                                     0x200008bc   Section       96  libspace.o(.bss)
    HEAP                                     0x20000920   Section      512  startup_stm32f031.o(HEAP)
    Heap_Mem                                 0x20000920   Data         512  startup_stm32f031.o(HEAP)
    STACK                                    0x20000b20   Section     1024  startup_stm32f031.o(STACK)
    Stack_Mem                                0x20000b20   Data        1024  startup_stm32f031.o(STACK)
    __initial_sp                             0x20000f20   Data           0  startup_stm32f031.o(STACK)

    Global Symbols

    Symbol Name                              Value     Ov Type        Size  Object(Section)

    BuildAttributes$$THM_ISAv3M$S$PE$A:L22$X:L11$S22$IEEE1$IW$USESV6$~STKCKD$USESV7$~SHL$OTIME$ROPI$IEEEX$EBA8$UX$STANDARDLIB$REQ8$PRES8$EABIv2 0x00000000   Number         0  anon$$obj.o ABSOLUTE
    __ARM_use_no_argv                        0x00000000   Number         0  main.o ABSOLUTE
    __ARM_exceptions_init                     - Undefined Weak Reference
    __alloca_initialize                       - Undefined Weak Reference
    __arm_preinit_                            - Undefined Weak Reference
    __cpp_initialize__aeabi_                  - Undefined Weak Reference
    __cxa_finalize                            - Undefined Weak Reference
    __rt_locale                               - Undefined Weak Reference
    __sigvec_lookup                           - Undefined Weak Reference
    _atexit_init                              - Undefined Weak Reference
    _call_atexit_fns                          - Undefined Weak Reference
    _clock_init                               - Undefined Weak Reference
    _fp_trap_init                             - Undefined Weak Reference
    _fp_trap_shutdown                         - Undefined Weak Reference
    _get_lc_collate                           - Undefined Weak Reference
    _get_lc_ctype                             - Undefined Weak Reference
    _get_lc_monetary                          - Undefined Weak Reference
    _get_lc_numeric                           - Undefined Weak Reference
    _get_lc_time                              - Undefined Weak Reference
    _getenv_init                              - Undefined Weak Reference
    _handle_redirection                       - Undefined Weak Reference
    _init_alloc                               - Undefined Weak Reference
    _init_user_alloc                          - Undefined Weak Reference
    _initio                                   - Undefined Weak Reference
    _signal_finish                            - Undefined Weak Reference
    _signal_init                              - Undefined Weak Reference
    _terminate_alloc                          - Undefined Weak Reference
    _terminate_user_alloc                     - Undefined Weak Reference
    _terminateio                              - Undefined Weak Reference
    __Vectors_Size                           0x000000b0   Number         0  startup_stm32f031.o ABSOLUTE
    __Vectors                                0x08000000   Data           4  startup_stm32f031.o(RESET)
    __Vectors_End                            0x080000b0   Data           0  startup_stm32f031.o(RESET)
    __main                                   0x080000b1   Thumb Code     8  __main.o(!!!main)
    __scatterload                            0x080000b9   Thumb Code     0  __scatter.o(!!!scatter)
    __scatterload_rt2                        0x080000b9   Thumb Code    52  __scatter.o(!!!scatter)
    __scatterload_rt2_thumb_only             0x080000b9   Thumb Code     0  __scatter.o(!!!scatter)
    __scatterload_null                       0x080000c9   Thumb Code     0  __scatter.o(!!!scatter)
    __scatterload_zeroinit                   0x080000f5   Thumb Code    28  __scatter_zi.o(!!handler_zi)
    __rt_lib_init                            0x08000111   Thumb Code     0  libinit.o(.ARM.Collect$$libinit$$00000000)
    __rt_lib_init_fp_1                       0x08000113   Thumb Code     0  libinit2.o(.ARM.Collect$$libinit$$00000002)
    __rt_lib_init_heap_1                     0x08000113   Thumb Code     0  libinit2.o(.ARM.Collect$$libinit$$0000000A)
    __rt_lib_init_preinit_1                  0x08000113   Thumb Code     0  libinit2.o(.ARM.Collect$$libinit$$00000004)
    __rt_lib_init_rand_2                     0x08000113   Thumb Code     0  libinit2.o(.ARM.Collect$$libinit$$0000000D)
    __rt_lib_init_user_alloc_1               0x08000113   Thumb Code     0  libinit2.o(.ARM.Collect$$libinit$$0000000C)
    __rt_lib_init_alloca_1                   0x08000117   Thumb Code     0  libinit2.o(.ARM.Collect$$libinit$$0000002E)
    __rt_lib_init_argv_1                     0x08000117   Thumb Code     0  libinit2.o(.ARM.Collect$$libinit$$0000002C)
    __rt_lib_init_atexit_1                   0x08000117   Thumb Code     0  libinit2.o(.ARM.Collect$$libinit$$0000001B)
    __rt_lib_init_clock_1                    0x08000117   Thumb Code     0  libinit2.o(.ARM.Collect$$libinit$$00000021)
    __rt_lib_init_cpp_1                      0x08000117   Thumb Code     0  libinit2.o(.ARM.Collect$$libinit$$00000032)
    __rt_lib_init_exceptions_1               0x08000117   Thumb Code     0  libinit2.o(.ARM.Collect$$libinit$$00000030)
    __rt_lib_init_fp_trap_1                  0x08000117   Thumb Code     0  libinit2.o(.ARM.Collect$$libinit$$0000001F)
    __rt_lib_init_getenv_1                   0x08000117   Thumb Code     0  libinit2.o(.ARM.Collect$$libinit$$00000023)
    __rt_lib_init_lc_collate_1               0x08000117   Thumb Code     0  libinit2.o(.ARM.Collect$$libinit$$00000011)
    __rt_lib_init_lc_ctype_1                 0x08000117   Thumb Code     0  libinit2.o(.ARM.Collect$$libinit$$00000013)
    __rt_lib_init_lc_monetary_1              0x08000117   Thumb Code     0  libinit2.o(.ARM.Collect$$libinit$$00000015)
    __rt_lib_init_lc_numeric_1               0x08000117   Thumb Code     0  libinit2.o(.ARM.Collect$$libinit$$00000017)
    __rt_lib_init_lc_time_1                  0x08000117   Thumb Code     0  libinit2.o(.ARM.Collect$$libinit$$00000019)
    __rt_lib_init_rand_1                     0x08000117   Thumb Code     0  libinit2.o(.ARM.Collect$$libinit$$0000000E)
    __rt_lib_init_return                     0x08000117   Thumb Code     0  libinit2.o(.ARM.Collect$$libinit$$00000033)
    __rt_lib_init_signal_1                   0x08000117   Thumb Code     0  libinit2.o(.ARM.Collect$$libinit$$0000001D)
    __rt_lib_init_stdio_1                    0x08000117   Thumb Code     0  libinit2.o(.ARM.Collect$$libinit$$00000025)
    __rt_lib_shutdown                        0x08000119   Thumb Code     0  libshutdown.o(.ARM.Collect$$libshutdown$$00000000)
    __rt_lib_shutdown_cpp_1                  0x0800011b   Thumb Code     0  libshutdown2.o(.ARM.Collect$$libshutdown$$00000002)
    __rt_lib_shutdown_fp_trap_1              0x0800011b   Thumb Code     0  libshutdown2.o(.ARM.Collect$$libshutdown$$00000007)
    __rt_lib_shutdown_heap_1                 0x0800011b   Thumb Code     0  libshutdown2.o(.ARM.Collect$$libshutdown$$0000000F)
    __rt_lib_shutdown_return                 0x0800011b   Thumb Code     0  libshutdown2.o(.ARM.Collect$$libshutdown$$00000010)
    __rt_lib_shutdown_signal_1               0x0800011b   Thumb Code     0  libshutdown2.o(.ARM.Collect$$libshutdown$$0000000A)
    __rt_lib_shutdown_stdio_1                0x0800011b   Thumb Code     0  libshutdown2.o(.ARM.Collect$$libshutdown$$00000004)
    __rt_lib_shutdown_user_alloc_1           0x0800011b   Thumb Code     0  libshutdown2.o(.ARM.Collect$$libshutdown$$0000000C)
    __rt_entry                               0x0800011d   Thumb Code     0  __rtentry.o(.ARM.Collect$$rtentry$$00000000)
    __rt_entry_presh_1                       0x0800011d   Thumb Code     0  __rtentry2.o(.ARM.Collect$$rtentry$$00000002)
    __rt_entry_sh                            0x0800011d   Thumb Code     0  __rtentry4.o(.ARM.Collect$$rtentry$$00000004)
    __rt_entry_li                            0x08000123   Thumb Code     0  __rtentry2.o(.ARM.Collect$$rtentry$$0000000A)
    __rt_entry_postsh_1                      0x08000123   Thumb Code     0  __rtentry2.o(.ARM.Collect$$rtentry$$00000009)
    __rt_entry_main                          0x08000127   Thumb Code     0  __rtentry2.o(.ARM.Collect$$rtentry$$0000000D)
    __rt_entry_postli_1                      0x08000127   Thumb Code     0  __rtentry2.o(.ARM.Collect$$rtentry$$0000000C)
    __rt_exit                                0x0800012f   Thumb Code     0  rtexit.o(.ARM.Collect$$rtexit$$00000000)
    __rt_exit_ls                             0x08000131   Thumb Code     0  rtexit2.o(.ARM.Collect$$rtexit$$00000003)
    __rt_exit_prels_1                        0x08000131   Thumb Code     0  rtexit2.o(.ARM.Collect$$rtexit$$00000002)
    __rt_exit_exit                           0x08000135   Thumb Code     0  rtexit2.o(.ARM.Collect$$rtexit$$00000004)
    rand                                     0x0800013d   Thumb Code    52  rand.o(.emb_text)
    __aeabi_memcpy4                          0x08000175   Thumb Code    56  rt_memcpy.o(.emb_text)
    __aeabi_memcpy8                          0x08000175   Thumb Code     0  rt_memcpy.o(.emb_text)
    Reset_Handler                            0x080001ad   Thumb Code    38  startup_stm32f031.o(.text)
    NMI_Handler                              0x080001d3   Thumb Code     2  startup_stm32f031.o(.text)
    HardFault_Handler                        0x080001d5   Thumb Code     2  startup_stm32f031.o(.text)
    SVC_Handler                              0x080001d7   Thumb Code     2  startup_stm32f031.o(.text)
    PendSV_Handler                           0x080001d9   Thumb Code     2  startup_stm32f031.o(.text)
    SysTick_Handler                          0x080001db   Thumb Code     2  startup_stm32f031.o(.text)
    ADC1_IRQHandler                          0x080001dd   Thumb Code     0  startup_stm32f031.o(.text)
    DMA1_Channel1_IRQHandler                 0x080001dd   Thumb Code     0  startup_stm32f031.o(.text)
    DMA1_Channel2_3_IRQHandler               0x080001dd   Thumb Code     0  startup_stm32f031.o(.text)
    DMA1_Channel4_5_IRQHandler               0x080001dd   Thumb Code     0  startup_stm32f031.o(.text)
    EXTI0_1_IRQHandler                       0x080001dd   Thumb Code     0  startup_stm32f031.o(.text)
    EXTI2_3_IRQHandler                       0x080001dd   Thumb Code     0  startup_stm32f031.o(.text)
    EXTI4_15_IRQHandler                      0x080001dd   Thumb Code     0  startup_stm32f031.o(.text)
    FLASH_IRQHandler                         0x080001dd   Thumb Code     0  startup_stm32f031.o(.text)
    I2C1_IRQHandler                          0x080001dd   Thumb Code     0  startup_stm32f031.o(.text)
    PVD_IRQHandler                           0x080001dd   Thumb Code     0  startup_stm32f031.o(.text)
    RCC_IRQHandler                           0x080001dd   Thumb Code     0  startup_stm32f031.o(.text)
    RTC_IRQHandler                           0x080001dd   Thumb Code     0  startup_stm32f031.o(.text)
    SPI1_IRQHandler                          0x080001dd   Thumb Code     0  startup_stm32f031.o(.text)
    TIM14_IRQHandler                         0x080001dd   Thumb Code     0  startup_stm32f031.o(.text)
    TIM16_IRQHandler                         0x080001dd   Thumb Code     0  startup_stm32f031.o(.text)
    TIM17_IRQHandler                         0x080001dd   Thumb Code     0  startup_stm32f031.o(.text)
    TIM1_BRK_UP_TRG_COM_IRQHandler           0x080001dd   Thumb Code     0  startup_stm32f031.o(.text)
    TIM1_CC_IRQHandler                       0x080001dd   Thumb Code     0  startup_stm32f031.o(.text)
    TIM2_IRQHandler                          0x080001dd   Thumb Code     0  startup_stm32f031.o(.text)
    TIM3_IRQHandler                          0x080001dd   Thumb Code     0  startup_stm32f031.o(.text)
    USART1_IRQHandler                        0x080001dd   Thumb Code     0  startup_stm32f031.o(.text)
    WWDG_IRQHandler                          0x080001dd   Thumb Code     0  startup_stm32f031.o(.text)
    __user_initial_stackheap                 0x080001e1   Thumb Code     0  startup_stm32f031.o(.text)
    srand                                    0x08000221   Thumb Code    44  rand.o(.text)
    _rand_init                               0x0800024d   Thumb Code     4  rand.o(.text)
    __aeabi_memcpy                           0x0800025d   Thumb Code   130  rt_memcpy.o(.text)
    __rt_memcpy                              0x0800025d   Thumb Code     0  rt_memcpy.o(.text)
    __aeabi_memset                           0x080002df   Thumb Code    18  aeabi_memset.o(.text)
    __aeabi_uidiv                            0x080002f1   Thumb Code     0  aeabi_sdivfast.o(.text)
    __aeabi_uidivmod                         0x080002f1   Thumb Code    28  aeabi_sdivfast.o(.text)
    __aeabi_idiv                             0x0800030d   Thumb Code     0  aeabi_sdivfast.o(.text)
    __aeabi_idivmod                          0x0800030d   Thumb Code   460  aeabi_sdivfast.o(.text)
    __use_two_region_memory                  0x080004d9   Thumb Code     2  heapauxi.o(.text)
    __rt_heap_escrow$2region                 0x080004db   Thumb Code     2  heapauxi.o(.text)
    __rt_heap_expand$2region                 0x080004dd   Thumb Code     2  heapauxi.o(.text)
    __aeabi_d2f                              0x080004e1   Thumb Code     0  d2f.o(.text)
    _d2f                                     0x080004e1   Thumb Code   120  d2f.o(.text)
    __aeabi_dadd                             0x08000855   Thumb Code     0  daddsub.o(.text)
    _dadd                                    0x08000855   Thumb Code    26  daddsub.o(.text)
    __aeabi_dsub                             0x0800086f   Thumb Code     0  daddsub.o(.text)
    _dsub                                    0x0800086f   Thumb Code    22  daddsub.o(.text)
    __aeabi_drsub                            0x08000885   Thumb Code     0  daddsub.o(.text)
    _drsb                                    0x08000885   Thumb Code    28  daddsub.o(.text)
    __aeabi_d2iz                             0x080008b5   Thumb Code     0  dfixi.o(.text)
    _dfix                                    0x080008b5   Thumb Code    98  dfixi.o(.text)
    __aeabi_d2uiz                            0x08000921   Thumb Code     0  dfixui.o(.text)
    _dfixu                                   0x08000921   Thumb Code    68  dfixui.o(.text)
    __aeabi_i2d_normalise                    0x08000969   Thumb Code    66  dflti.o(.text)
    __aeabi_i2d                              0x080009ab   Thumb Code    16  dflti.o(.text)
    _dflt                                    0x080009ab   Thumb Code     0  dflti.o(.text)
    __aeabi_ui2d                             0x080009bb   Thumb Code     6  dflti.o(.text)
    _dfltu                                   0x080009bb   Thumb Code     0  dflti.o(.text)
    __aeabi_dmul                             0x080009c1   Thumb Code     0  dmul.o(.text)
    _dmul                                    0x080009c1   Thumb Code   558  dmul.o(.text)
    __aeabi_f2d                              0x08000c09   Thumb Code     0  f2d.o(.text)
    _f2d                                     0x08000c09   Thumb Code    80  f2d.o(.text)
    __aeabi_fdiv                             0x08000c5d   Thumb Code     0  fdiv.o(.text)
    _fdiv                                    0x08000c5d   Thumb Code   334  fdiv.o(.text)
    _frdiv                                   0x08000dab   Thumb Code     8  fdiv.o(.text)
    __aeabi_f2uiz                            0x08000dbd   Thumb Code     0  ffixui.o(.text)
    _ffixu                                   0x08000dbd   Thumb Code    48  ffixui.o(.text)
    __aeabi_i2f_normalise                    0x08000ded   Thumb Code    72  fflti.o(.text)
    __aeabi_i2f                              0x08000e35   Thumb Code    16  fflti.o(.text)
    _fflt                                    0x08000e35   Thumb Code     0  fflti.o(.text)
    __aeabi_ui2f                             0x08000e45   Thumb Code     6  fflti.o(.text)
    _ffltu                                   0x08000e45   Thumb Code     0  fflti.o(.text)
    __read_errno                             0x08000e4b   Thumb Code    10  _rserrno.o(.text)
    __set_errno                              0x08000e55   Thumb Code    12  _rserrno.o(.text)
    _memset_w                                0x08000e61   Thumb Code    26  rt_memclr.o(.text)
    _memset                                  0x08000e7b   Thumb Code    30  rt_memclr.o(.text)
    __aeabi_memclr                           0x08000e99   Thumb Code     4  rt_memclr.o(.text)
    __rt_memclr                              0x08000e99   Thumb Code     0  rt_memclr.o(.text)
    __aeabi_memclr4                          0x08000e9d   Thumb Code     0  rt_memclr.o(.text)
    __aeabi_memclr8                          0x08000e9d   Thumb Code     0  rt_memclr.o(.text)
    __rt_memclr_w                            0x08000e9d   Thumb Code     4  rt_memclr.o(.text)
    __fpl_dcmp_InfNaN                        0x08000ea1   Thumb Code   140  dcmpin.o(.text)
    __aeabi_ddiv                             0x08000f31   Thumb Code     0  ddiv.o(.text)
    _ddiv                                    0x08000f31   Thumb Code  1072  ddiv.o(.text)
    _drdiv                                   0x08001361   Thumb Code    20  ddiv.o(.text)
    __ARM_scalbn                             0x08001379   Thumb Code    84  dscalbn.o(.text)
    __aeabi_errno_addr                       0x080013d9   Thumb Code     8  rt_errno_addr_intlibspace.o(.text)
    __errno$intlibspace                      0x080013d9   Thumb Code     0  rt_errno_addr_intlibspace.o(.text)
    __rt_errno_addr$intlibspace              0x080013d9   Thumb Code     0  rt_errno_addr_intlibspace.o(.text)
    __fpl_cmpreturn                          0x080013e1   Thumb Code    46  cmpret.o(.text)
    __fpl_dcheck_NaN2                        0x08001411   Thumb Code    14  dnan2.o(.text)
    _dsqrt                                   0x08001425   Thumb Code   248  dsqrt.o(.text)
    __user_libspace                          0x08001525   Thumb Code     8  libspace.o(.text)
    __user_perproc_libspace                  0x08001525   Thumb Code     0  libspace.o(.text)
    __user_perthread_libspace                0x08001525   Thumb Code     0  libspace.o(.text)
    __user_setup_stackheap                   0x0800152d   Thumb Code    62  sys_stackheap_outer.o(.text)
    exit                                     0x0800156b   Thumb Code    16  exit.o(.text)
    __fpl_return_NaN                         0x0800157b   Thumb Code    94  retnan.o(.text)
    _sys_exit                                0x080015d9   Thumb Code     8  sys_exit.o(.text)
    __I$use$semihosting                      0x080015e5   Thumb Code     0  use_no_semi.o(.text)
    __use_no_semihosting_swi                 0x080015e5   Thumb Code     2  use_no_semi.o(.text)
    __decompress                             0x080015e7   Thumb Code     0  __dczerorl.o(.text)
    __decompress0                            0x080015e7   Thumb Code    58  __dczerorl.o(.text)
    __semihosting_library_function           0x080015e7   Thumb Code     0  indicate_semi.o(.text)
    CalcAngle                                0x08001621   Thumb Code   192  accel.o(i.CalcAngle)
    HSVtoRGB                                 0x080016f9   Thumb Code   270  control.o(i.HSVtoRGB)
    RGBbrightness                            0x08001811   Thumb Code    48  animation.o(i.RGBbrightness)
    SystemCoreClockConfigure                 0x080018b5   Thumb Code   136  main.o(i.SystemCoreClockConfigure)
    SystemCoreClockUpdate                    0x08001945   Thumb Code    90  system_stm32f0xx.o(i.SystemCoreClockUpdate)
    SystemInit                               0x080019b5   Thumb Code   216  system_stm32f0xx.o(i.SystemInit)
    __ARM_fpclassify                         0x08001a9d   Thumb Code    40  fpclassify.o(i.__ARM_fpclassify)
    __kernel_poly                            0x08001ac9   Thumb Code   172  poly.o(i.__kernel_poly)
    __mathlib_dbl_divzero                    0x08001b75   Thumb Code    16  dunder.o(i.__mathlib_dbl_divzero)
    __mathlib_dbl_infnan                     0x08001b89   Thumb Code    10  dunder.o(i.__mathlib_dbl_infnan)
    __mathlib_dbl_infnan2                    0x08001b93   Thumb Code     8  dunder.o(i.__mathlib_dbl_infnan2)
    __mathlib_dbl_invalid                    0x08001b9b   Thumb Code    16  dunder.o(i.__mathlib_dbl_invalid)
    __mathlib_dbl_overflow                   0x08001bad   Thumb Code    16  dunder.o(i.__mathlib_dbl_overflow)
    __mathlib_dbl_underflow                  0x08001bc1   Thumb Code    14  dunder.o(i.__mathlib_dbl_underflow)
    accel_cycle                              0x08001bd5   Thumb Code   360  accel.o(i.accel_cycle)
    accel_getData                            0x08001d59   Thumb Code    12  accel.o(i.accel_getData)
    accel_init                               0x08001d69   Thumb Code   138  accel.o(i.accel_init)
    adc_cycle                                0x08001e11   Thumb Code    56  adc.o(i.adc_cycle)
    adc_getBattery                           0x08001e59   Thumb Code    18  adc.o(i.adc_getBattery)
    adc_getID                                0x08001e71   Thumb Code     6  adc.o(i.adc_getID)
    adc_initialize                           0x08001e7d   Thumb Code   370  adc.o(i.adc_initialize)
    animation_cycle                          0x08002015   Thumb Code   108  animation.o(i.animation_cycle)
    animation_initialize                     0x0800209d   Thumb Code    40  animation.o(i.animation_initialize)
    animation_setFGRange                     0x080020cd   Thumb Code    42  animation.o(i.animation_setFGRange)
    animation_setOpacityRange                0x080020fd   Thumb Code    48  animation.o(i.animation_setOpacityRange)
    animation_triggerBG                      0x08002131   Thumb Code    30  animation.o(i.animation_triggerBG)
    animation_triggerFG                      0x08002159   Thumb Code    30  animation.o(i.animation_triggerFG)
    atan                                     0x08002181   Thumb Code   472  atan.o(i.atan)
    atan2                                    0x0800239d   Thumb Code   334  atan2.o(i.atan2)
    control_cycle                            0x08002609   Thumb Code   318  control.o(i.control_cycle)
    control_init                             0x08002759   Thumb Code    16  control.o(i.control_init)
    floor                                    0x0800276d   Thumb Code   180  floor.o(i.floor)
    led_cycle                                0x08002855   Thumb Code   176  led.o(i.led_cycle)
    led_initialize                           0x0800290d   Thumb Code   102  led.o(i.led_initialize)
    led_setLEDBuffer                         0x08002989   Thumb Code     6  led.o(i.led_setLEDBuffer)
    main                                     0x08002995   Thumb Code   108  main.o(i.main)
    pow                                      0x08002a09   Thumb Code  2548  pow.o(i.pow)
    rfm_initialize                           0x080037b5   Thumb Code   120  rfm.o(i.rfm_initialize)
    sc_getTimeCounter                        0x080038c1   Thumb Code     8  sc.o(i.sc_getTimeCounter)
    sc_initialize                            0x080038cd   Thumb Code    26  sc.o(i.sc_initialize)
    sc_waitForCycle                          0x080038f5   Thumb Code    30  sc.o(i.sc_waitForCycle)
    sqrt                                     0x080039d5   Thumb Code    66  sqrt.o(i.sqrt)
    stateMachine                             0x08003a1d   Thumb Code   772  control.o(i.stateMachine)
    triggerMode                              0x08004381   Thumb Code   506  control.o(i.triggerMode)
    usart_checkNewCommand                    0x08004645   Thumb Code   264  usart.o(i.usart_checkNewCommand)
    usart_cycle                              0x08004761   Thumb Code    26  usart.o(i.usart_cycle)
    usart_initialize                         0x08004781   Thumb Code   110  usart.o(i.usart_initialize)
    usart_waiting                            0x08004815   Thumb Code     6  usart.o(i.usart_waiting)
    __aeabi_cdrcmple                         0x08004821   Thumb Code     0  drlef.o(x$fpl$drleqf)
    _drcmple                                 0x08004821   Thumb Code   100  drlef.o(x$fpl$drleqf)
    __aeabi_fadd                             0x08004889   Thumb Code     0  faddsub.o(x$fpl$fadd)
    _fadd                                    0x08004889   Thumb Code   134  faddsub.o(x$fpl$fadd)
    __aeabi_fmul                             0x08004915   Thumb Code     0  fmul.o(x$fpl$fmul)
    _fmul                                    0x08004915   Thumb Code   172  fmul.o(x$fpl$fmul)
    __aeabi_frsub                            0x080049c5   Thumb Code     0  faddsub.o(x$fpl$frsb)
    _frsb                                    0x080049c5   Thumb Code    24  faddsub.o(x$fpl$frsb)
    __aeabi_fsub                             0x080049dd   Thumb Code     0  faddsub.o(x$fpl$fsub)
    _fsub                                    0x080049dd   Thumb Code   204  faddsub.o(x$fpl$fsub)
    __I$use$fp                               0x08004aac   Number         0  usenofp.o(x$fpl$usenofp)
    __mathlib_zero                           0x08004c90   Data           8  qnan.o(.constdata)
    Region$$Table$$Base                      0x08004c98   Number         0  anon$$obj.o(Region$$Table)
    Region$$Table$$Limit                     0x08004cb8   Number         0  anon$$obj.o(Region$$Table)
    device_adress                            0x20000000   Data           1  main.o(.data)
    old_value                                0x20000008   Data           2  sc.o(.data)
    waiting                                  0x2000000c   Data           1  usart.o(.data)
    state                                    0x2000000d   Data           1  usart.o(.data)
    delayCounter                             0x20000010   Data           2  usart.o(.data)
    commandBuffer                            0x20000012   Data           7  usart.o(.data)
    rfm_send                                 0x2000001a   Data          68  rfm.o(.data)
    bgAnimation                              0x20000064   Data           1  animation.o(.data)
    fgAnimation                              0x20000065   Data           1  animation.o(.data)
    dec                                      0x20000066   Data           1  animation.o(.data)
    stroboLength                             0x20000068   Data           1  animation.o(.data)
    stroboPause                              0x20000069   Data           1  animation.o(.data)
    stroboOn                                 0x2000006a   Data           1  animation.o(.data)
    stroboMode                               0x2000006b   Data           1  animation.o(.data)
    sparkModulo                              0x2000006c   Data           1  animation.o(.data)
    sparkSpeed                               0x2000006d   Data           1  animation.o(.data)
    sparkDelay                               0x2000006e   Data           1  animation.o(.data)
    black                                    0x20000076   Data           3  animation.o(.data)
    constColor                               0x20000079   Data           3  animation.o(.data)
    sparkColor                               0x2000007c   Data           3  animation.o(.data)
    counter                                  0x20000088   Data           4  animation.o(.data)
    FGanimationList                          0x2000008c   Data          32  animation.o(.data)
    BGanimationList                          0x200000ac   Data          48  animation.o(.data)
    xy_square                                0x200000dc   Data           4  accel.o(.data)
    currentData                              0x200000e0   Data           8  accel.o(.data)
    control_state                            0x200000f0   Data           1  control.o(.data)
    brightness                               0x200000f2   Data           1  control.o(.data)
    currentUserBrightness                    0x200000f3   Data           1  control.o(.data)
    red_cont                                 0x200000f6   Data           3  control.o(.data)
    white_cont                               0x200000f9   Data           3  control.o(.data)
    green_cont                               0x200000fc   Data           3  control.o(.data)
    blue_cont                                0x200000ff   Data           3  control.o(.data)
    rgb_i                                    0x20000102   Data           3  control.o(.data)
    currentUserColor                         0x20000105   Data           3  control.o(.data)
    SystemCoreClock                          0x2000011c   Data           4  system_stm32f0xx.o(.data)
    AHBPrescTable                            0x20000120   Data          16  system_stm32f0xx.o(.data)
    rec_buffer                               0x20000130   Data         100  usart.o(.bss)
    FilterAccelX                             0x2000075c   Data          11  accel.o(.bss)
    FilterAccelY                             0x20000767   Data          11  accel.o(.bss)
    FilterAccelZ                             0x20000772   Data          11  accel.o(.bss)
    hsv_i                                    0x200007c0   Data          24  control.o(.bss)
    _random_number_data                      0x200007d8   Data         228  rand.o(.bss)
    __libspace_start                         0x200008bc   Data          96  libspace.o(.bss)
    __temporary_stack_top$libspace           0x2000091c   Data           0  libspace.o(.bss)



==============================================================================

Memory Map of the image

  Image Entry point : 0x080001ad

  Load Region LR_1 (Base: 0x08000000, Size: 0x00004de8, Max: 0xffffffff, ABSOLUTE, COMPRESSED[0x00004d60])

    Execution Region ER_RO (Base: 0x08000000, Size: 0x00004cb8, Max: 0xffffffff, ABSOLUTE)

    Base Addr    Size         Type   Attr      Idx    E Section Name        Object

    0x08000000   0x000000b0   Data   RO          601    RESET               startup_stm32f031.o
    0x080000b0   0x00000008   Code   RO          657  * !!!main             c_p.l(__main.o)
    0x080000b8   0x0000003c   Code   RO          945    !!!scatter          c_p.l(__scatter.o)
    0x080000f4   0x0000001c   Code   RO          947    !!handler_zi        c_p.l(__scatter_zi.o)
    0x08000110   0x00000002   Code   RO          866    .ARM.Collect$$libinit$$00000000  c_p.l(libinit.o)
    0x08000112   0x00000000   Code   RO          722    .ARM.Collect$$libinit$$00000002  c_p.l(libinit2.o)
    0x08000112   0x00000000   Code   RO          724    .ARM.Collect$$libinit$$00000004  c_p.l(libinit2.o)
    0x08000112   0x00000000   Code   RO          727    .ARM.Collect$$libinit$$0000000A  c_p.l(libinit2.o)
    0x08000112   0x00000000   Code   RO          729    .ARM.Collect$$libinit$$0000000C  c_p.l(libinit2.o)
    0x08000112   0x00000004   Code   RO          730    .ARM.Collect$$libinit$$0000000D  c_p.l(libinit2.o)
    0x08000116   0x00000000   Code   RO          731    .ARM.Collect$$libinit$$0000000E  c_p.l(libinit2.o)
    0x08000116   0x00000000   Code   RO          734    .ARM.Collect$$libinit$$00000011  c_p.l(libinit2.o)
    0x08000116   0x00000000   Code   RO          736    .ARM.Collect$$libinit$$00000013  c_p.l(libinit2.o)
    0x08000116   0x00000000   Code   RO          738    .ARM.Collect$$libinit$$00000015  c_p.l(libinit2.o)
    0x08000116   0x00000000   Code   RO          740    .ARM.Collect$$libinit$$00000017  c_p.l(libinit2.o)
    0x08000116   0x00000000   Code   RO          742    .ARM.Collect$$libinit$$00000019  c_p.l(libinit2.o)
    0x08000116   0x00000000   Code   RO          744    .ARM.Collect$$libinit$$0000001B  c_p.l(libinit2.o)
    0x08000116   0x00000000   Code   RO          746    .ARM.Collect$$libinit$$0000001D  c_p.l(libinit2.o)
    0x08000116   0x00000000   Code   RO          748    .ARM.Collect$$libinit$$0000001F  c_p.l(libinit2.o)
    0x08000116   0x00000000   Code   RO          750    .ARM.Collect$$libinit$$00000021  c_p.l(libinit2.o)
    0x08000116   0x00000000   Code   RO          752    .ARM.Collect$$libinit$$00000023  c_p.l(libinit2.o)
    0x08000116   0x00000000   Code   RO          754    .ARM.Collect$$libinit$$00000025  c_p.l(libinit2.o)
    0x08000116   0x00000000   Code   RO          758    .ARM.Collect$$libinit$$0000002C  c_p.l(libinit2.o)
    0x08000116   0x00000000   Code   RO          760    .ARM.Collect$$libinit$$0000002E  c_p.l(libinit2.o)
    0x08000116   0x00000000   Code   RO          762    .ARM.Collect$$libinit$$00000030  c_p.l(libinit2.o)
    0x08000116   0x00000000   Code   RO          764    .ARM.Collect$$libinit$$00000032  c_p.l(libinit2.o)
    0x08000116   0x00000002   Code   RO          765    .ARM.Collect$$libinit$$00000033  c_p.l(libinit2.o)
    0x08000118   0x00000002   Code   RO          910    .ARM.Collect$$libshutdown$$00000000  c_p.l(libshutdown.o)
    0x0800011a   0x00000000   Code   RO          926    .ARM.Collect$$libshutdown$$00000002  c_p.l(libshutdown2.o)
    0x0800011a   0x00000000   Code   RO          928    .ARM.Collect$$libshutdown$$00000004  c_p.l(libshutdown2.o)
    0x0800011a   0x00000000   Code   RO          931    .ARM.Collect$$libshutdown$$00000007  c_p.l(libshutdown2.o)
    0x0800011a   0x00000000   Code   RO          934    .ARM.Collect$$libshutdown$$0000000A  c_p.l(libshutdown2.o)
    0x0800011a   0x00000000   Code   RO          936    .ARM.Collect$$libshutdown$$0000000C  c_p.l(libshutdown2.o)
    0x0800011a   0x00000000   Code   RO          939    .ARM.Collect$$libshutdown$$0000000F  c_p.l(libshutdown2.o)
    0x0800011a   0x00000002   Code   RO          940    .ARM.Collect$$libshutdown$$00000010  c_p.l(libshutdown2.o)
    0x0800011c   0x00000000   Code   RO          712    .ARM.Collect$$rtentry$$00000000  c_p.l(__rtentry.o)
    0x0800011c   0x00000000   Code   RO          812    .ARM.Collect$$rtentry$$00000002  c_p.l(__rtentry2.o)
    0x0800011c   0x00000006   Code   RO          824    .ARM.Collect$$rtentry$$00000004  c_p.l(__rtentry4.o)
    0x08000122   0x00000000   Code   RO          814    .ARM.Collect$$rtentry$$00000009  c_p.l(__rtentry2.o)
    0x08000122   0x00000004   Code   RO          815    .ARM.Collect$$rtentry$$0000000A  c_p.l(__rtentry2.o)
    0x08000126   0x00000000   Code   RO          817    .ARM.Collect$$rtentry$$0000000C  c_p.l(__rtentry2.o)
    0x08000126   0x00000008   Code   RO          818    .ARM.Collect$$rtentry$$0000000D  c_p.l(__rtentry2.o)
    0x0800012e   0x00000002   Code   RO          872    .ARM.Collect$$rtexit$$00000000  c_p.l(rtexit.o)
    0x08000130   0x00000000   Code   RO          892    .ARM.Collect$$rtexit$$00000002  c_p.l(rtexit2.o)
    0x08000130   0x00000004   Code   RO          893    .ARM.Collect$$rtexit$$00000003  c_p.l(rtexit2.o)
    0x08000134   0x00000006   Code   RO          894    .ARM.Collect$$rtexit$$00000004  c_p.l(rtexit2.o)
    0x0800013a   0x00000002   PAD
    0x0800013c   0x00000038   Code   RO          640    .emb_text           c_p.l(rand.o)
    0x08000174   0x00000038   Code   RO          645    .emb_text           c_p.l(rt_memcpy.o)
    0x080001ac   0x00000074   Code   RO          602  * .text               startup_stm32f031.o
    0x08000220   0x0000003c   Code   RO          641    .text               c_p.l(rand.o)
    0x0800025c   0x00000082   Code   RO          646    .text               c_p.l(rt_memcpy.o)
    0x080002de   0x00000012   Code   RO          649    .text               c_p.l(aeabi_memset.o)
    0x080002f0   0x000001e8   Code   RO          651    .text               c_p.l(aeabi_sdivfast.o)
    0x080004d8   0x00000006   Code   RO          655    .text               c_p.l(heapauxi.o)
    0x080004de   0x00000002   PAD
    0x080004e0   0x0000007c   Code   RO          659    .text               fz_ps.l(d2f.o)
    0x0800055c   0x00000358   Code   RO          661    .text               fz_ps.l(daddsub.o)
    0x080008b4   0x0000006c   Code   RO          663    .text               fz_ps.l(dfixi.o)
    0x08000920   0x00000048   Code   RO          665    .text               fz_ps.l(dfixui.o)
    0x08000968   0x00000058   Code   RO          667    .text               fz_ps.l(dflti.o)
    0x080009c0   0x00000248   Code   RO          669    .text               fz_ps.l(dmul.o)
    0x08000c08   0x00000054   Code   RO          673    .text               fz_ps.l(f2d.o)
    0x08000c5c   0x00000160   Code   RO          681    .text               fz_ps.l(fdiv.o)
    0x08000dbc   0x00000030   Code   RO          684    .text               fz_ps.l(ffixui.o)
    0x08000dec   0x0000005e   Code   RO          686    .text               fz_ps.l(fflti.o)
    0x08000e4a   0x00000016   Code   RO          717    .text               c_p.l(_rserrno.o)
    0x08000e60   0x00000040   Code   RO          719    .text               c_p.l(rt_memclr.o)
    0x08000ea0   0x00000090   Code   RO          766    .text               fz_ps.l(dcmpin.o)
    0x08000f30   0x00000448   Code   RO          768    .text               fz_ps.l(ddiv.o)
    0x08001378   0x00000060   Code   RO          771    .text               fz_ps.l(dscalbn.o)
    0x080013d8   0x00000008   Code   RO          831    .text               c_p.l(rt_errno_addr_intlibspace.o)
    0x080013e0   0x0000002e   Code   RO          835    .text               fz_ps.l(cmpret.o)
    0x0800140e   0x00000002   PAD
    0x08001410   0x00000014   Code   RO          839    .text               fz_ps.l(dnan2.o)
    0x08001424   0x00000100   Code   RO          841    .text               fz_ps.l(dsqrt.o)
    0x08001524   0x00000008   Code   RO          845    .text               c_p.l(libspace.o)
    0x0800152c   0x0000003e   Code   RO          848    .text               c_p.l(sys_stackheap_outer.o)
    0x0800156a   0x00000010   Code   RO          851    .text               c_p.l(exit.o)
    0x0800157a   0x0000005e   Code   RO          867    .text               fz_ps.l(retnan.o)
    0x080015d8   0x0000000c   Code   RO          886    .text               c_p.l(sys_exit.o)
    0x080015e4   0x00000002   Code   RO          888    .text               c_p.l(use_no_semi.o)
    0x080015e6   0x00000000   Code   RO          890    .text               c_p.l(indicate_semi.o)
    0x080015e6   0x0000003a   Code   RO          943    .text               c_p.l(__dczerorl.o)
    0x08001620   0x000000d8   Code   RO          441    i.CalcAngle         accel.o
    0x080016f8   0x00000118   Code   RO          543    i.HSVtoRGB          control.o
    0x08001810   0x00000030   Code   RO          242    i.RGBbrightness     animation.o
    0x08001840   0x00000072   Code   RO          544    i.RGBround          control.o
    0x080018b2   0x00000002   PAD
    0x080018b4   0x00000090   Code   RO            3    i.SystemCoreClockConfigure  main.o
    0x08001944   0x00000070   Code   RO          608    i.SystemCoreClockUpdate  system_stm32f0xx.o
    0x080019b4   0x000000e8   Code   RO          609    i.SystemInit        system_stm32f0xx.o
    0x08001a9c   0x0000002c   Code   RO          798    i.__ARM_fpclassify  m_ps.l(fpclassify.o)
    0x08001ac8   0x000000ac   Code   RO          800    i.__kernel_poly     m_ps.l(poly.o)
    0x08001b74   0x00000014   Code   RO          784    i.__mathlib_dbl_divzero  m_ps.l(dunder.o)
    0x08001b88   0x0000000a   Code   RO          785    i.__mathlib_dbl_infnan  m_ps.l(dunder.o)
    0x08001b92   0x00000008   Code   RO          786    i.__mathlib_dbl_infnan2  m_ps.l(dunder.o)
    0x08001b9a   0x00000010   Code   RO          787    i.__mathlib_dbl_invalid  m_ps.l(dunder.o)
    0x08001baa   0x00000002   PAD
    0x08001bac   0x00000014   Code   RO          788    i.__mathlib_dbl_overflow  m_ps.l(dunder.o)
    0x08001bc0   0x00000014   Code   RO          790    i.__mathlib_dbl_underflow  m_ps.l(dunder.o)
    0x08001bd4   0x00000184   Code   RO          444    i.accel_cycle       accel.o
    0x08001d58   0x00000010   Code   RO          445    i.accel_getData     accel.o
    0x08001d68   0x000000a8   Code   RO          446    i.accel_init        accel.o
    0x08001e10   0x00000048   Code   RO          502    i.adc_cycle         adc.o
    0x08001e58   0x00000018   Code   RO          503    i.adc_getBattery    adc.o
    0x08001e70   0x0000000c   Code   RO          504    i.adc_getID         adc.o
    0x08001e7c   0x00000198   Code   RO          505    i.adc_initialize    adc.o
    0x08002014   0x00000088   Code   RO          243    i.animation_cycle   animation.o
    0x0800209c   0x00000030   Code   RO          244    i.animation_initialize  animation.o
    0x080020cc   0x00000030   Code   RO          248    i.animation_setFGRange  animation.o
    0x080020fc   0x00000034   Code   RO          250    i.animation_setOpacityRange  animation.o
    0x08002130   0x00000028   Code   RO          251    i.animation_triggerBG  animation.o
    0x08002158   0x00000028   Code   RO          252    i.animation_triggerFG  animation.o
    0x08002180   0x0000021c   Code   RO          775    i.atan              m_ps.l(atan.o)
    0x0800239c   0x00000178   Code   RO          691    i.atan2             m_ps.l(atan2.o)
    0x08002514   0x00000038   Code   RO          253    i.blinkCycle        animation.o
    0x0800254c   0x00000068   Code   RO          254    i.blinkTrigger      animation.o
    0x080025b4   0x00000002   Code   RO          255    i.constColorCycle   animation.o
    0x080025b6   0x00000002   PAD
    0x080025b8   0x00000050   Code   RO          256    i.constColorTrigger  animation.o
    0x08002608   0x00000150   Code   RO          545    i.control_cycle     control.o
    0x08002758   0x00000014   Code   RO          546    i.control_init      control.o
    0x0800276c   0x000000c8   Code   RO          699    i.floor             m_ps.l(floor.o)
    0x08002834   0x00000002   Code   RO          257    i.idleCycle         animation.o
    0x08002836   0x0000001e   Code   RO          258    i.idleTrigger       animation.o
    0x08002854   0x000000b8   Code   RO           85    i.led_cycle         led.o
    0x0800290c   0x0000007c   Code   RO           86    i.led_initialize    led.o
    0x08002988   0x0000000c   Code   RO           87    i.led_setLEDBuffer  led.o
    0x08002994   0x00000074   Code   RO            4    i.main              main.o
    0x08002a08   0x000009fc   Code   RO          703    i.pow               m_ps.l(pow.o)
    0x08003404   0x00000154   Code   RO          259    i.rainCycle         animation.o
    0x08003558   0x00000098   Code   RO          260    i.rainTrigger       animation.o
    0x080035f0   0x000001a8   Code   RO          261    i.rainbowCycle      animation.o
    0x08003798   0x0000001c   Code   RO          262    i.rainbowTrigger    animation.o
    0x080037b4   0x0000008c   Code   RO          213    i.rfm_initialize    rfm.o
    0x08003840   0x00000080   Code   RO          214    i.rfm_writeByte     rfm.o
    0x080038c0   0x0000000c   Code   RO          119    i.sc_getTimeCounter  sc.o
    0x080038cc   0x00000028   Code   RO          120    i.sc_initialize     sc.o
    0x080038f4   0x0000002c   Code   RO          121    i.sc_waitForCycle   sc.o
    0x08003920   0x00000074   Code   RO          263    i.sparkCycle        animation.o
    0x08003994   0x00000040   Code   RO          264    i.sparkTrigger      animation.o
    0x080039d4   0x00000048   Code   RO          804    i.sqrt              m_ps.l(sqrt.o)
    0x08003a1c   0x00000330   Code   RO          548    i.stateMachine      control.o
    0x08003d4c   0x0000022c   Code   RO          265    i.stripe2Cycle      animation.o
    0x08003f78   0x000000b4   Code   RO          266    i.stripe2Trigger    animation.o
    0x0800402c   0x00000100   Code   RO          267    i.stripeCycle       animation.o
    0x0800412c   0x000000b4   Code   RO          268    i.stripeTrigger     animation.o
    0x080041e0   0x000000e4   Code   RO          269    i.stroboCycle       animation.o
    0x080042c4   0x000000bc   Code   RO          270    i.stroboTrigger     animation.o
    0x08004380   0x00000200   Code   RO          549    i.triggerMode       control.o
    0x08004580   0x00000002   Code   RO          271    i.twoFaceCycle      animation.o
    0x08004582   0x00000002   PAD
    0x08004584   0x000000c0   Code   RO          272    i.twoFaceTrigger    animation.o
    0x08004644   0x0000011c   Code   RO          156    i.usart_checkNewCommand  usart.o
    0x08004760   0x00000020   Code   RO          157    i.usart_cycle       usart.o
    0x08004780   0x00000094   Code   RO          158    i.usart_initialize  usart.o
    0x08004814   0x0000000c   Code   RO          159    i.usart_waiting     usart.o
    0x08004820   0x00000068   Code   RO          671    x$fpl$drleqf        fz_ps.l(drlef.o)
    0x08004888   0x0000008c   Code   RO          675    x$fpl$fadd          fz_ps.l(faddsub.o)
    0x08004914   0x000000b0   Code   RO          688    x$fpl$fmul          fz_ps.l(fmul.o)
    0x080049c4   0x00000018   Code   RO          676    x$fpl$frsb          fz_ps.l(faddsub.o)
    0x080049dc   0x000000d0   Code   RO          677    x$fpl$fsub          fz_ps.l(faddsub.o)
    0x08004aac   0x00000000   Code   RO          773    x$fpl$usenofp       fz_ps.l(usenofp.o)
    0x08004aac   0x00000040   Data   RO          682    .constdata          fz_ps.l(fdiv.o)
    0x08004aec   0x00000004   PAD
    0x08004af0   0x00000088   Data   RO          704    .constdata          m_ps.l(pow.o)
    0x08004b78   0x00000080   Data   RO          769    .constdata          fz_ps.l(ddiv.o)
    0x08004bf8   0x00000098   Data   RO          776    .constdata          m_ps.l(atan.o)
    0x08004c90   0x00000008   Data   RO          802    .constdata          m_ps.l(qnan.o)
    0x08004c98   0x00000020   Data   RO          941    Region$$Table       anon$$obj.o


    Execution Region ER_RW (Base: 0x20000000, Size: 0x00000130, Max: 0xffffffff, ABSOLUTE, COMPRESSED[0x000000a8])

    Base Addr    Size         Type   Attr      Idx    E Section Name        Object

    0x20000000   0x00000001   Data   RW            5    .data               main.o
    0x20000001   0x00000003   PAD
    0x20000004   0x00000004   Data   RW           88    .data               led.o
    0x20000008   0x00000002   Data   RW          122    .data               sc.o
    0x2000000a   0x0000000f   Data   RW          161    .data               usart.o
    0x20000019   0x00000001   PAD
    0x2000001a   0x00000044   Data   RW          216    .data               rfm.o
    0x2000005e   0x00000002   PAD
    0x20000060   0x0000007c   Data   RW          278    .data               animation.o
    0x200000dc   0x0000000c   Data   RW          448    .data               accel.o
    0x200000e8   0x00000008   Data   RW          507    .data               adc.o
    0x200000f0   0x0000002c   Data   RW          551    .data               control.o
    0x2000011c   0x00000014   Data   RW          610    .data               system_stm32f0xx.o


    Execution Region ER_ZI (Base: 0x20000130, Size: 0x00000df0, Max: 0xffffffff, ABSOLUTE)

    Base Addr    Size         Type   Attr      Idx    E Section Name        Object

    0x20000130   0x00000064   Zero   RW          160    .bss                usart.o
    0x20000194   0x000005c8   Zero   RW          273    .bss                animation.o
    0x2000075c   0x00000021   Zero   RW          447    .bss                accel.o
    0x2000077d   0x00000001   PAD
    0x2000077e   0x00000040   Zero   RW          506    .bss                adc.o
    0x200007be   0x00000002   PAD
    0x200007c0   0x00000018   Zero   RW          550    .bss                control.o
    0x200007d8   0x000000e4   Zero   RW          642    .bss                c_p.l(rand.o)
    0x200008bc   0x00000060   Zero   RW          846    .bss                c_p.l(libspace.o)
    0x2000091c   0x00000004   PAD
    0x20000920   0x00000200   Zero   RW          600    HEAP                startup_stm32f031.o
    0x20000b20   0x00000400   Zero   RW          599    STACK               startup_stm32f031.o


==============================================================================

Image component sizes


      Code (inc. data)   RO Data    RW Data    ZI Data      Debug   Object Name

       788         86          0         12         33       4374   accel.o
       516         66          0          8         64       2998   adc.o
      3592        276          0        124       1480      22057   animation.o
      2078         96          0         44         24       5631   control.o
       320         36          0          4          0       2228   led.o
       260         16          0          1          0       7094   main.o
       268         30          0         68          0       2643   rfm.o
        96         32          0          2          0       1510   sc.o
       116         56        176          0       1536        680   startup_stm32f031.o
       344         38          0         20          0       2253   system_stm32f0xx.o
       476         70          0         15        100       3896   usart.o

    ----------------------------------------------------------------------
      8860        802        208        304       3240      55364   Object Totals
         0          0         32          0          0          0   (incl. Generated)
         6          0          0          6          3          0   (incl. Padding)

    ----------------------------------------------------------------------

      Code (inc. data)   RO Data    RW Data    ZI Data      Debug   Library Member Name

        58          0          0          0          0          0   __dczerorl.o
         8          0          0          0          0         68   __main.o
         0          0          0          0          0          0   __rtentry.o
        12          0          0          0          0          0   __rtentry2.o
         6          0          0          0          0          0   __rtentry4.o
        60          8          0          0          0          0   __scatter.o
        28          0          0          0          0          0   __scatter_zi.o
        22          0          0          0          0         92   _rserrno.o
        18          0          0          0          0         68   aeabi_memset.o
       488          0          0          0          0         92   aeabi_sdivfast.o
        16          0          0          0          0         68   exit.o
         6          0          0          0          0        136   heapauxi.o
         0          0          0          0          0          0   indicate_semi.o
         2          0          0          0          0          0   libinit.o
         6          0          0          0          0          0   libinit2.o
         2          0          0          0          0          0   libshutdown.o
         2          0          0          0          0          0   libshutdown2.o
         8          4          0          0         96         68   libspace.o
       116         16          0          0        228        156   rand.o
         8          4          0          0          0         68   rt_errno_addr_intlibspace.o
        64          0          0          0          0        108   rt_memclr.o
       186          0          0          0          0        144   rt_memcpy.o
         2          0          0          0          0          0   rtexit.o
        10          0          0          0          0          0   rtexit2.o
        12          4          0          0          0         60   sys_exit.o
        62          0          0          0          0         80   sys_stackheap_outer.o
         2          0          0          0          0         68   use_no_semi.o
        46          0          0          0          0         60   cmpret.o
       124          4          0          0          0         72   d2f.o
       856         20          0          0          0        208   daddsub.o
       144          4          0          0          0         76   dcmpin.o
      1096         26        128          0          0        112   ddiv.o
       108         10          0          0          0         72   dfixi.o
        72          4          0          0          0         68   dfixui.o
        88          0          0          0          0         92   dflti.o
       584         26          0          0          0         84   dmul.o
        20          6          0          0          0         68   dnan2.o
       104          4          0          0          0        104   drlef.o
        96         12          0          0          0         72   dscalbn.o
       256          8          0          0          0         76   dsqrt.o
        84          4          0          0          0         60   f2d.o
       372          8          0          0          0        240   faddsub.o
       352         10         64          0          0         92   fdiv.o
        48          0          0          0          0         60   ffixui.o
        94          0          0          0          0         92   fflti.o
       176          4          0          0          0         80   fmul.o
        94          0          0          0          0         68   retnan.o
         0          0          0          0          0          0   usenofp.o
       540         68        152          0          0        112   atan.o
       376         42          0          0          0        144   atan2.o
        94         14          0          0          0        408   dunder.o
       200         20          0          0          0         76   floor.o
        44          4          0          0          0         60   fpclassify.o
       172          0          0          0          0         76   poly.o
      2556        196        136          0          0        240   pow.o
         0          0          8          0          0          0   qnan.o
        72          6          0          0          0         76   sqrt.o

    ----------------------------------------------------------------------
     10080        536        492          0        328       4324   Library Totals
         8          0          4          0          4          0   (incl. Padding)

    ----------------------------------------------------------------------

      Code (inc. data)   RO Data    RW Data    ZI Data      Debug   Library Name

      1204         36          0          0        324       1276   c_p.l
      4814        150        192          0          0       1856   fz_ps.l
      4054        350        296          0          0       1192   m_ps.l

    ----------------------------------------------------------------------
     10080        536        492          0        328       4324   Library Totals

    ----------------------------------------------------------------------

==============================================================================


      Code (inc. data)   RO Data    RW Data    ZI Data      Debug   

     18940       1338        700        304       3568      55260   Grand Totals
     18940       1338        700        168       3568      55260   ELF Image Totals (compressed)
     18940       1338        700        168          0          0   ROM Totals

==============================================================================

    Total RO  Size (Code + RO Data)                19640 (  19.18kB)
    Total RW  Size (RW Data + ZI Data)              3872 (   3.78kB)
    Total ROM Size (Code + RO Data + RW Data)      19808 (  19.34kB)

==============================================================================

